Component: ARM Compiler 5.06 update 4 (build 422) Tool: armlink [4d35d2]

==============================================================================

Section Cross References

    startup_stm32f103xb.o(STACK) refers (Special) to heapauxi.o(.text) for __use_two_region_memory
    startup_stm32f103xb.o(HEAP) refers (Special) to heapauxi.o(.text) for __use_two_region_memory
    startup_stm32f103xb.o(RESET) refers (Special) to heapauxi.o(.text) for __use_two_region_memory
    startup_stm32f103xb.o(RESET) refers to startup_stm32f103xb.o(STACK) for __initial_sp
    startup_stm32f103xb.o(RESET) refers to startup_stm32f103xb.o(.text) for Reset_Handler
    startup_stm32f103xb.o(RESET) refers to stm32f1xx_it.o(i.NMI_Handler) for NMI_Handler
    startup_stm32f103xb.o(RESET) refers to stm32f1xx_it.o(i.HardFault_Handler) for HardFault_Handler
    startup_stm32f103xb.o(RESET) refers to stm32f1xx_it.o(i.MemManage_Handler) for MemManage_Handler
    startup_stm32f103xb.o(RESET) refers to stm32f1xx_it.o(i.BusFault_Handler) for BusFault_Handler
    startup_stm32f103xb.o(RESET) refers to stm32f1xx_it.o(i.UsageFault_Handler) for UsageFault_Handler
    startup_stm32f103xb.o(RESET) refers to port.o(.emb_text) for SVC_Handler
    startup_stm32f103xb.o(RESET) refers to stm32f1xx_it.o(i.DebugMon_Handler) for DebugMon_Handler
    startup_stm32f103xb.o(RESET) refers to port.o(i.SysTick_Handler) for SysTick_Handler
    startup_stm32f103xb.o(RESET) refers to stm32f1xx_it.o(i.DMA1_Channel1_IRQHandler) for DMA1_Channel1_IRQHandler
    startup_stm32f103xb.o(RESET) refers to stm32f1xx_it.o(i.DMA1_Channel2_IRQHandler) for DMA1_Channel2_IRQHandler
    startup_stm32f103xb.o(RESET) refers to stm32f1xx_it.o(i.DMA1_Channel3_IRQHandler) for DMA1_Channel3_IRQHandler
    startup_stm32f103xb.o(RESET) refers to stm32f1xx_it.o(i.DMA1_Channel4_IRQHandler) for DMA1_Channel4_IRQHandler
    startup_stm32f103xb.o(RESET) refers to stm32f1xx_it.o(i.TIM1_UP_IRQHandler) for TIM1_UP_IRQHandler
    startup_stm32f103xb.o(RESET) refers to stm32f1xx_it.o(i.TIM2_IRQHandler) for TIM2_IRQHandler
    startup_stm32f103xb.o(RESET) refers to stm32f1xx_it.o(i.USART3_IRQHandler) for USART3_IRQHandler
    startup_stm32f103xb.o(.text) refers (Special) to heapauxi.o(.text) for __use_two_region_memory
    startup_stm32f103xb.o(.text) refers to system_stm32f1xx.o(i.SystemInit) for SystemInit
    startup_stm32f103xb.o(.text) refers to __main.o(!!!main) for __main
    startup_stm32f103xb.o(.text) refers to startup_stm32f103xb.o(HEAP) for Heap_Mem
    startup_stm32f103xb.o(.text) refers to startup_stm32f103xb.o(STACK) for Stack_Mem
    main.o(i.HAL_TIM_PeriodElapsedCallback) refers to stm32f1xx_hal.o(i.HAL_IncTick) for HAL_IncTick
    main.o(i.SystemClock_Config) refers to rt_memclr_w.o(.text) for __aeabi_memclr4
    main.o(i.SystemClock_Config) refers to stm32f1xx_hal_rcc.o(i.HAL_RCC_OscConfig) for HAL_RCC_OscConfig
    main.o(i.SystemClock_Config) refers to stm32f1xx_hal_rcc.o(i.HAL_RCC_ClockConfig) for HAL_RCC_ClockConfig
    main.o(i.main) refers to stm32f1xx_hal.o(i.HAL_Init) for HAL_Init
    main.o(i.main) refers to main.o(i.SystemClock_Config) for SystemClock_Config
    main.o(i.main) refers to gpio.o(i.MX_GPIO_Init) for MX_GPIO_Init
    main.o(i.main) refers to dma.o(i.MX_DMA_Init) for MX_DMA_Init
    main.o(i.main) refers to tim.o(i.MX_TIM2_Init) for MX_TIM2_Init
    main.o(i.main) refers to tim.o(i.MX_TIM4_Init) for MX_TIM4_Init
    main.o(i.main) refers to spi.o(i.MX_SPI2_Init) for MX_SPI2_Init
    main.o(i.main) refers to usart.o(i.MX_USART3_UART_Init) for MX_USART3_UART_Init
    main.o(i.main) refers to freertos.o(i.MX_FREERTOS_Init) for MX_FREERTOS_Init
    main.o(i.main) refers to cmsis_os.o(i.osKernelStart) for osKernelStart
    gpio.o(i.MX_GPIO_Init) refers to stm32f1xx_hal_gpio.o(i.HAL_GPIO_WritePin) for HAL_GPIO_WritePin
    gpio.o(i.MX_GPIO_Init) refers to stm32f1xx_hal_gpio.o(i.HAL_GPIO_Init) for HAL_GPIO_Init
    freertos.o(i.Init_Task) refers to cmsis_os.o(i.osDelay) for osDelay
    freertos.o(i.LIGHT_TEST_TASK) refers to cmsis_os.o(i.osDelay) for osDelay
    freertos.o(i.MX_FREERTOS_Init) refers to rt_memcpy_w.o(.text) for __aeabi_memcpy4
    freertos.o(i.MX_FREERTOS_Init) refers to cmsis_os.o(i.osThreadCreate) for osThreadCreate
    freertos.o(i.MX_FREERTOS_Init) refers to freertos.o(.constdata) for .constdata
    freertos.o(i.MX_FREERTOS_Init) refers to freertos.o(.data) for .data
    freertos.o(i.Measuredist_Task) refers to cmsis_os.o(i.osDelay) for osDelay
    freertos.o(i.Movecontrol_Task) refers to cmsis_os.o(i.osDelay) for osDelay
    freertos.o(i.OLED_Task) refers to cmsis_os.o(i.osDelay) for osDelay
    freertos.o(i.vApplicationGetIdleTaskMemory) refers to freertos.o(.bss) for .bss
    freertos.o(.constdata) refers to freertos.o(.conststring) for .conststring
    freertos.o(.constdata) refers to task.o(i.Init_Task) for Init_Task
[...]
    __rt_lib_init_fp_trap_1                  0x0800016d   Thumb Code     0  libinit2.o(.ARM.Collect$$libinit$$0000001F)
    __rt_lib_init_getenv_1                   0x0800016d   Thumb Code     0  libinit2.o(.ARM.Collect$$libinit$$00000023)
    __rt_lib_init_heap_1                     0x0800016d   Thumb Code     0  libinit2.o(.ARM.Collect$$libinit$$0000000A)
    __rt_lib_init_lc_collate_1               0x0800016d   Thumb Code     0  libinit2.o(.ARM.Collect$$libinit$$00000011)
    __rt_lib_init_lc_ctype_1                 0x0800016d   Thumb Code     0  libinit2.o(.ARM.Collect$$libinit$$00000013)
    __rt_lib_init_lc_monetary_1              0x0800016d   Thumb Code     0  libinit2.o(.ARM.Collect$$libinit$$00000015)
    __rt_lib_init_lc_numeric_1               0x0800016d   Thumb Code     0  libinit2.o(.ARM.Collect$$libinit$$00000017)
    __rt_lib_init_lc_time_1                  0x0800016d   Thumb Code     0  libinit2.o(.ARM.Collect$$libinit$$00000019)
    __rt_lib_init_preinit_1                  0x0800016d   Thumb Code     0  libinit2.o(.ARM.Collect$$libinit$$00000004)
    __rt_lib_init_rand_1                     0x0800016d   Thumb Code     0  libinit2.o(.ARM.Collect$$libinit$$0000000E)
    __rt_lib_init_return                     0x0800016d   Thumb Code     0  libinit2.o(.ARM.Collect$$libinit$$00000033)
    __rt_lib_init_signal_1                   0x0800016d   Thumb Code     0  libinit2.o(.ARM.Collect$$libinit$$0000001D)
    __rt_lib_init_stdio_1                    0x0800016d   Thumb Code     0  libinit2.o(.ARM.Collect$$libinit$$00000025)
    __rt_lib_init_user_alloc_1               0x0800016d   Thumb Code     0  libinit2.o(.ARM.Collect$$libinit$$0000000C)
    __rt_lib_shutdown                        0x0800016f   Thumb Code     0  libshutdown.o(.ARM.Collect$$libshutdown$$00000000)
    __rt_lib_shutdown_cpp_1                  0x08000171   Thumb Code     0  libshutdown2.o(.ARM.Collect$$libshutdown$$00000002)
    __rt_lib_shutdown_fp_trap_1              0x08000171   Thumb Code     0  libshutdown2.o(.ARM.Collect$$libshutdown$$00000007)
    __rt_lib_shutdown_heap_1                 0x08000171   Thumb Code     0  libshutdown2.o(.ARM.Collect$$libshutdown$$0000000F)
    __rt_lib_shutdown_return                 0x08000171   Thumb Code     0  libshutdown2.o(.ARM.Collect$$libshutdown$$00000010)
    __rt_lib_shutdown_signal_1               0x08000171   Thumb Code     0  libshutdown2.o(.ARM.Collect$$libshutdown$$0000000A)
    __rt_lib_shutdown_stdio_1                0x08000171   Thumb Code     0  libshutdown2.o(.ARM.Collect$$libshutdown$$00000004)
    __rt_lib_shutdown_user_alloc_1           0x08000171   Thumb Code     0  libshutdown2.o(.ARM.Collect$$libshutdown$$0000000C)
    __rt_entry                               0x08000173   Thumb Code     0  __rtentry.o(.ARM.Collect$$rtentry$$00000000)
    __rt_entry_presh_1                       0x08000173   Thumb Code     0  __rtentry2.o(.ARM.Collect$$rtentry$$00000002)
    __rt_entry_sh                            0x08000173   Thumb Code     0  __rtentry4.o(.ARM.Collect$$rtentry$$00000004)
    __rt_entry_li                            0x08000179   Thumb Code     0  __rtentry2.o(.ARM.Collect$$rtentry$$0000000A)
    __rt_entry_postsh_1                      0x08000179   Thumb Code     0  __rtentry2.o(.ARM.Collect$$rtentry$$00000009)
    __rt_entry_main                          0x0800017d   Thumb Code     0  __rtentry2.o(.ARM.Collect$$rtentry$$0000000D)
    __rt_entry_postli_1                      0x0800017d   Thumb Code     0  __rtentry2.o(.ARM.Collect$$rtentry$$0000000C)
    __rt_exit                                0x08000185   Thumb Code     0  rtexit.o(.ARM.Collect$$rtexit$$00000000)
    __rt_exit_ls                             0x08000187   Thumb Code     0  rtexit2.o(.ARM.Collect$$rtexit$$00000003)
    __rt_exit_prels_1                        0x08000187   Thumb Code     0  rtexit2.o(.ARM.Collect$$rtexit$$00000002)
    __rt_exit_exit                           0x0800018b   Thumb Code     0  rtexit2.o(.ARM.Collect$$rtexit$$00000004)
    SVC_Handler                              0x08000191   Thumb Code    32  port.o(.emb_text)
    __asm___6_port_c_39a90d8d__prvStartFirstTask 0x080001b5   Thumb Code    28  port.o(.emb_text)
    PendSV_Handler                           0x080001d5   Thumb Code    72  port.o(.emb_text)
    vPortGetIPSR                             0x08000221   Thumb Code     6  port.o(.emb_text)
    Reset_Handler                            0x08000229   Thumb Code     8  startup_stm32f103xb.o(.text)
    ADC1_2_IRQHandler                        0x08000243   Thumb Code     0  startup_stm32f103xb.o(.text)
    CAN1_RX1_IRQHandler                      0x08000243   Thumb Code     0  startup_stm32f103xb.o(.text)
    CAN1_SCE_IRQHandler                      0x08000243   Thumb Code     0  startup_stm32f103xb.o(.text)
    DMA1_Channel5_IRQHandler                 0x08000243   Thumb Code     0  startup_stm32f103xb.o(.text)
    DMA1_Channel6_IRQHandler                 0x08000243   Thumb Code     0  startup_stm32f103xb.o(.text)
    DMA1_Channel7_IRQHandler                 0x08000243   Thumb Code     0  startup_stm32f103xb.o(.text)
    EXTI0_IRQHandler                         0x08000243   Thumb Code     0  startup_stm32f103xb.o(.text)
    EXTI15_10_IRQHandler                     0x08000243   Thumb Code     0  startup_stm32f103xb.o(.text)
    EXTI1_IRQHandler                         0x08000243   Thumb Code     0  startup_stm32f103xb.o(.text)
    EXTI2_IRQHandler                         0x08000243   Thumb Code     0  startup_stm32f103xb.o(.text)
    EXTI3_IRQHandler                         0x08000243   Thumb Code     0  startup_stm32f103xb.o(.text)
    EXTI4_IRQHandler                         0x08000243   Thumb Code     0  startup_stm32f103xb.o(.text)
    EXTI9_5_IRQHandler                       0x08000243   Thumb Code     0  startup_stm32f103xb.o(.text)
    FLASH_IRQHandler                         0x08000243   Thumb Code     0  startup_stm32f103xb.o(.text)
    I2C1_ER_IRQHandler                       0x08000243   Thumb Code     0  startup_stm32f103xb.o(.text)
    I2C1_EV_IRQHandler                       0x08000243   Thumb Code     0  startup_stm32f103xb.o(.text)
    I2C2_ER_IRQHandler                       0x08000243   Thumb Code     0  startup_stm32f103xb.o(.text)
    I2C2_EV_IRQHandler                       0x08000243   Thumb Code     0  startup_stm32f103xb.o(.text)
    PVD_IRQHandler                           0x08000243   Thumb Code     0  startup_stm32f103xb.o(.text)
    RCC_IRQHandler                           0x08000243   Thumb Code     0  startup_stm32f103xb.o(.text)
    RTC_Alarm_IRQHandler                     0x08000243   Thumb Code     0  startup_stm32f103xb.o(.text)
    RTC_IRQHandler                           0x08000243   Thumb Code     0  startup_stm32f103xb.o(.text)
    SPI1_IRQHandler                          0x08000243   Thumb Code     0  startup_stm32f103xb.o(.text)
    SPI2_IRQHandler                          0x08000243   Thumb Code     0  startup_stm32f103xb.o(.text)
    TAMPER_IRQHandler                        0x08000243   Thumb Code     0  startup_stm32f103xb.o(.text)
    TIM1_BRK_IRQHandler                      0x08000243   Thumb Code     0  startup_stm32f103xb.o(.text)
    TIM1_CC_IRQHandler                       0x08000243   Thumb Code     0  startup_stm32f103xb.o(.text)
    TIM1_TRG_COM_IRQHandler                  0x08000243   Thumb Code     0  startup_stm32f103xb.o(.text)
    TIM3_IRQHandler                          0x08000243   Thumb Code     0  startup_stm32f103xb.o(.text)
    TIM4_IRQHandler                          0x08000243   Thumb Code     0  startup_stm32f103xb.o(.text)
    USART1_IRQHandler                        0x08000243   Thumb Code     0  startup_stm32f103xb.o(.text)
    USART2_IRQHandler                        0x08000243   Thumb Code     0  startup_stm32f103xb.o(.text)
    USBWakeUp_IRQHandler                     0x08000243   Thumb Code     0  startup_stm32f103xb.o(.text)
    USB_HP_CAN1_TX_IRQHandler                0x08000243   Thumb Code     0  startup_stm32f103xb.o(.text)
    USB_LP_CAN1_RX0_IRQHandler               0x08000243   Thumb Code     0  startup_stm32f103xb.o(.text)
    WWDG_IRQHandler                          0x08000243   Thumb Code     0  startup_stm32f103xb.o(.text)
    __user_initial_stackheap                 0x08000245   Thumb Code     0  startup_stm32f103xb.o(.text)
    __2snprintf                              0x08000269   Thumb Code    48  noretval__2snprintf.o(.text)
    __printf                                 0x0800029d   Thumb Code   104  __printf.o(.text)
    _printf_int_dec                          0x08000305   Thumb Code   104  _printf_dec.o(.text)
    __aeabi_memcpy                           0x0800037d   Thumb Code     0  rt_memcpy_v6.o(.text)
    __rt_memcpy                              0x0800037d   Thumb Code   138  rt_memcpy_v6.o(.text)
    _memcpy_lastbytes                        0x080003e3   Thumb Code     0  rt_memcpy_v6.o(.text)
    __aeabi_memmove                          0x08000407   Thumb Code     0  rt_memmove_v6.o(.text)
    __rt_memmove                             0x08000407   Thumb Code   132  rt_memmove_v6.o(.text)
    __memmove_lastfew                        0x08000467   Thumb Code     0  rt_memmove_v6.o(.text)
    __aeabi_memcpy4                          0x0800048b   Thumb Code     0  rt_memcpy_w.o(.text)
    __aeabi_memcpy8                          0x0800048b   Thumb Code     0  rt_memcpy_w.o(.text)
    __rt_memcpy_w                            0x0800048b   Thumb Code   100  rt_memcpy_w.o(.text)
    _memcpy_lastbytes_aligned                0x080004d3   Thumb Code     0  rt_memcpy_w.o(.text)
    __aeabi_memset                           0x080004ef   Thumb Code    16  aeabi_memset.o(.text)
    __aeabi_memclr4                          0x080004ff   Thumb Code     0  rt_memclr_w.o(.text)
    __aeabi_memclr8                          0x080004ff   Thumb Code     0  rt_memclr_w.o(.text)
    __rt_memclr_w                            0x080004ff   Thumb Code    78  rt_memclr_w.o(.text)
    _memset_w                                0x08000503   Thumb Code     0  rt_memclr_w.o(.text)
    __use_two_region_memory                  0x0800054d   Thumb Code     2  heapauxi.o(.text)
    __rt_heap_escrow$2region                 0x0800054f   Thumb Code     2  heapauxi.o(.text)
    __rt_heap_expand$2region                 0x08000551   Thumb Code     2  heapauxi.o(.text)
    __read_errno                             0x08000553   Thumb Code    10  _rserrno.o(.text)
    __set_errno                              0x0800055d   Thumb Code    12  _rserrno.o(.text)
    _printf_int_common                       0x08000569   Thumb Code   178  _printf_intcommon.o(.text)
    _printf_char_common                      0x08000627   Thumb Code    32  _printf_char_common.o(.text)
    _sputc                                   0x0800064d   Thumb Code    10  _sputc.o(.text)
    _snputc                                  0x08000657   Thumb Code    16  _snputc.o(.text)
    __aeabi_memmove4                         0x08000667   Thumb Code     0  rt_memmove_w.o(.text)
    __aeabi_memmove8                         0x08000667   Thumb Code     0  rt_memmove_w.o(.text)
    __rt_memmove_w                           0x08000667   Thumb Code   122  rt_memmove_w.o(.text)
    __memmove_aligned                        0x0800068d   Thumb Code     0  rt_memmove_w.o(.text)
    __memmove_lastfew_aligned                0x080006c5   Thumb Code     0  rt_memmove_w.o(.text)
    __aeabi_memclr                           0x080006e1   Thumb Code     0  rt_memclr.o(.text)
    __rt_memclr                              0x080006e1   Thumb Code    68  rt_memclr.o(.text)
    _memset                                  0x080006e5   Thumb Code     0  rt_memclr.o(.text)
    __aeabi_errno_addr                       0x08000725   Thumb Code     8  rt_errno_addr_intlibspace.o(.text)
    __errno$intlibspace                      0x08000725   Thumb Code     0  rt_errno_addr_intlibspace.o(.text)
    __rt_errno_addr$intlibspace              0x08000725   Thumb Code     0  rt_errno_addr_intlibspace.o(.text)
    __user_libspace                          0x0800072d   Thumb Code     8  libspace.o(.text)
    __user_perproc_libspace                  0x0800072d   Thumb Code     0  libspace.o(.text)
    __user_perthread_libspace                0x0800072d   Thumb Code     0  libspace.o(.text)
    __user_setup_stackheap                   0x08000735   Thumb Code    74  sys_stackheap_outer.o(.text)
    exit                                     0x0800077f   Thumb Code    18  exit.o(.text)
    _sys_exit                                0x08000791   Thumb Code     8  sys_exit.o(.text)
    __I$use$semihosting                      0x0800079d   Thumb Code     0  use_no_semi.o(.text)
    __use_no_semihosting_swi                 0x0800079d   Thumb Code     2  use_no_semi.o(.text)
    BusFault_Handler                         0x0800079f   Thumb Code     2  stm32f1xx_it.o(i.BusFault_Handler)
    __semihosting_library_function           0x0800079f   Thumb Code     0  indicate_semi.o(.text)
    DMA1_Channel1_IRQHandler                 0x080007a1   Thumb Code     6  stm32f1xx_it.o(i.DMA1_Channel1_IRQHandler)
    DMA1_Channel2_IRQHandler                 0x080007ad   Thumb Code     6  stm32f1xx_it.o(i.DMA1_Channel2_IRQHandler)
    DMA1_Channel3_IRQHandler                 0x080007b9   Thumb Code     6  stm32f1xx_it.o(i.DMA1_Channel3_IRQHandler)
    DMA1_Channel4_IRQHandler                 0x080007c5   Thumb Code     6  stm32f1xx_it.o(i.DMA1_Channel4_IRQHandler)
    DebugMon_Handler                         0x080007fb   Thumb Code     2  stm32f1xx_it.o(i.DebugMon_Handler)
    Error_Handler                            0x080007fd   Thumb Code     4  main.o(i.Error_Handler)
    HAL_DMA_Abort                            0x08000801   Thumb Code    70  stm32f1xx_hal_dma.o(i.HAL_DMA_Abort)
    HAL_DMA_Abort_IT                         0x08000849   Thumb Code   148  stm32f1xx_hal_dma.o(i.HAL_DMA_Abort_IT)
    HAL_DMA_IRQHandler                       0x080008e1   Thumb Code   316  stm32f1xx_hal_dma.o(i.HAL_DMA_IRQHandler)
    HAL_DMA_Init                             0x08000a35   Thumb Code    84  stm32f1xx_hal_dma.o(i.HAL_DMA_Init)
    HAL_DMA_Start_IT                         0x08000a91   Thumb Code   112  stm32f1xx_hal_dma.o(i.HAL_DMA_Start_IT)
    HAL_Delay                                0x08000b01   Thumb Code    32  stm32f1xx_hal.o(i.HAL_Delay)
    HAL_GPIO_Init                            0x08000b25   Thumb Code   446  stm32f1xx_hal_gpio.o(i.HAL_GPIO_Init)
    HAL_GPIO_ReadPin                         0x08000d05   Thumb Code    10  stm32f1xx_hal_gpio.o(i.HAL_GPIO_ReadPin)
    HAL_GPIO_TogglePin                       0x08000d0f   Thumb Code    16  stm32f1xx_hal_gpio.o(i.HAL_GPIO_TogglePin)
    HAL_GPIO_WritePin                        0x08000d1f   Thumb Code    10  stm32f1xx_hal_gpio.o(i.HAL_GPIO_WritePin)
    HAL_GetTick                              0x08000d29   Thumb Code     6  stm32f1xx_hal.o(i.HAL_GetTick)
    HAL_IncTick                              0x08000d35   Thumb Code    12  stm32f1xx_hal.o(i.HAL_IncTick)
    HAL_Init                                 0x08000d45   Thumb Code    32  stm32f1xx_hal.o(i.HAL_Init)
    HAL_InitTick                             0x08000d69   Thumb Code   118  stm32f1xx_hal_timebase_tim.o(i.HAL_InitTick)
    HAL_MspInit                              0x08000df5   Thumb Code    62  stm32f1xx_hal_msp.o(i.HAL_MspInit)
    HAL_NVIC_EnableIRQ                       0x08000e3d   Thumb Code    26  stm32f1xx_hal_cortex.o(i.HAL_NVIC_EnableIRQ)
    HAL_NVIC_SetPriority                     0x08000e59   Thumb Code    60  stm32f1xx_hal_cortex.o(i.HAL_NVIC_SetPriority)
    HAL_NVIC_SetPriorityGrouping             0x08000e99   Thumb Code    26  stm32f1xx_hal_cortex.o(i.HAL_NVIC_SetPriorityGrouping)
    HAL_RCC_ClockConfig                      0x08000ebd   Thumb Code   280  stm32f1xx_hal_rcc.o(i.HAL_RCC_ClockConfig)
    HAL_RCC_GetClockConfig                   0x08000fe9   Thumb Code    54  stm32f1xx_hal_rcc.o(i.HAL_RCC_GetClockConfig)
    HAL_RCC_GetPCLK1Freq                     0x08001029   Thumb Code    20  stm32f1xx_hal_rcc.o(i.HAL_RCC_GetPCLK1Freq)
    HAL_RCC_GetPCLK2Freq                     0x08001049   Thumb Code    20  stm32f1xx_hal_rcc.o(i.HAL_RCC_GetPCLK2Freq)
    HAL_RCC_GetSysClockFreq                  0x08001069   Thumb Code    58  stm32f1xx_hal_rcc.o(i.HAL_RCC_GetSysClockFreq)
    HAL_RCC_OscConfig                        0x080010b5   Thumb Code   778  stm32f1xx_hal_rcc.o(i.HAL_RCC_OscConfig)
    HAL_SPI_Init                             0x080013d5   Thumb Code   178  stm32f1xx_hal_spi.o(i.HAL_SPI_Init)
    HAL_SPI_MspInit                          0x08001489   Thumb Code    82  spi.o(i.HAL_SPI_MspInit)
    HAL_SPI_Transmit                         0x080014e9   Thumb Code   358  stm32f1xx_hal_spi.o(i.HAL_SPI_Transmit)
    HAL_TIMEx_BreakCallback                  0x0800164f   Thumb Code     2  stm32f1xx_hal_tim_ex.o(i.HAL_TIMEx_BreakCallback)
    HAL_TIMEx_CommutCallback                 0x08001651   Thumb Code     2  stm32f1xx_hal_tim_ex.o(i.HAL_TIMEx_CommutCallback)
    HAL_TIMEx_MasterConfigSynchronization    0x08001655   Thumb Code    92  stm32f1xx_hal_tim_ex.o(i.HAL_TIMEx_MasterConfigSynchronization)
    HAL_TIM_Base_Init                        0x080016bd   Thumb Code    90  stm32f1xx_hal_tim.o(i.HAL_TIM_Base_Init)
    HAL_TIM_Base_MspInit                     0x08001719   Thumb Code   208  tim.o(i.HAL_TIM_Base_MspInit)
    HAL_TIM_Base_Start                       0x080017fd   Thumb Code    66  stm32f1xx_hal_tim.o(i.HAL_TIM_Base_Start)
    HAL_TIM_Base_Start_IT                    0x0800184d   Thumb Code    76  stm32f1xx_hal_tim.o(i.HAL_TIM_Base_Start_IT)
    HAL_TIM_ConfigClockSource                0x080018a5   Thumb Code   220  stm32f1xx_hal_tim.o(i.HAL_TIM_ConfigClockSource)
    HAL_TIM_ErrorCallback                    0x08001981   Thumb Code     2  stm32f1xx_hal_tim.o(i.HAL_TIM_ErrorCallback)
    HAL_TIM_IC_CaptureCallback               0x08001985   Thumb Code   470  hc-sr04.o(i.HAL_TIM_IC_CaptureCallback)
    HAL_TIM_IC_ConfigChannel                 0x08001b75   Thumb Code   292  stm32f1xx_hal_tim.o(i.HAL_TIM_IC_ConfigChannel)
    HAL_TIM_IC_Init                          0x08001c99   Thumb Code    90  stm32f1xx_hal_tim.o(i.HAL_TIM_IC_Init)
    HAL_TIM_IC_MspInit                       0x08001cf3   Thumb Code     2  stm32f1xx_hal_tim.o(i.HAL_TIM_IC_MspInit)
    HAL_TIM_IC_Start_IT                      0x08001cf5   Thumb Code   216  stm32f1xx_hal_tim.o(i.HAL_TIM_IC_Start_IT)
    HAL_TIM_IRQHandler                       0x08001dd9   Thumb Code   304  stm32f1xx_hal_tim.o(i.HAL_TIM_IRQHandler)
    HAL_TIM_MspPostInit                      0x08001f09   Thumb Code    62  tim.o(i.HAL_TIM_MspPostInit)
    HAL_TIM_OC_DelayElapsedCallback          0x08001f55   Thumb Code     2  stm32f1xx_hal_tim.o(i.HAL_TIM_OC_DelayElapsedCallback)
    HAL_TIM_PWM_ConfigChannel                0x08001f57   Thumb Code   204  stm32f1xx_hal_tim.o(i.HAL_TIM_PWM_ConfigChannel)
    HAL_TIM_PWM_Init                         0x08002023   Thumb Code    90  stm32f1xx_hal_tim.o(i.HAL_TIM_PWM_Init)
    HAL_TIM_PWM_MspInit                      0x0800207d   Thumb Code     2  stm32f1xx_hal_tim.o(i.HAL_TIM_PWM_MspInit)
    HAL_TIM_PWM_PulseFinishedCallback        0x0800207f   Thumb Code     2  stm32f1xx_hal_tim.o(i.HAL_TIM_PWM_PulseFinishedCallback)
    HAL_TIM_PWM_PulseFinishedHalfCpltCallback 0x08002081   Thumb Code     2  stm32f1xx_hal_tim.o(i.HAL_TIM_PWM_PulseFinishedHalfCpltCallback)
    HAL_TIM_PWM_Start_DMA                    0x08002085   Thumb Code   378  stm32f1xx_hal_tim.o(i.HAL_TIM_PWM_Start_DMA)
    HAL_TIM_PeriodElapsedCallback            0x08002219   Thumb Code    14  main.o(i.HAL_TIM_PeriodElapsedCallback)
    HAL_TIM_ReadCapturedValue                0x0800222d   Thumb Code    42  stm32f1xx_hal_tim.o(i.HAL_TIM_ReadCapturedValue)
    HAL_TIM_TriggerCallback                  0x08002257   Thumb Code     2  stm32f1xx_hal_tim.o(i.HAL_TIM_TriggerCallback)
    HAL_UARTEx_RxEventCallback               0x08002259   Thumb Code     2  stm32f1xx_hal_uart.o(i.HAL_UARTEx_RxEventCallback)
    HAL_UART_ErrorCallback                   0x0800225b   Thumb Code     2  stm32f1xx_hal_uart.o(i.HAL_UART_ErrorCallback)
    HAL_UART_IRQHandler                      0x0800225d   Thumb Code   616  stm32f1xx_hal_uart.o(i.HAL_UART_IRQHandler)
    HAL_UART_Init                            0x080024c9   Thumb Code   100  stm32f1xx_hal_uart.o(i.HAL_UART_Init)
    HAL_UART_MspInit                         0x0800252d   Thumb Code   206  usart.o(i.HAL_UART_MspInit)
    HAL_UART_Receive_DMA                     0x08002611   Thumb Code    28  stm32f1xx_hal_uart.o(i.HAL_UART_Receive_DMA)
    HAL_UART_RxCpltCallback                  0x0800262d   Thumb Code   134  bluetooth.o(i.HAL_UART_RxCpltCallback)
    HAL_UART_RxHalfCpltCallback              0x080026bd   Thumb Code     2  stm32f1xx_hal_uart.o(i.HAL_UART_RxHalfCpltCallback)
    HAL_UART_TxCpltCallback                  0x080026bf   Thumb Code     2  stm32f1xx_hal_uart.o(i.HAL_UART_TxCpltCallback)
    HardFault_Handler                        0x080026c1   Thumb Code     2  stm32f1xx_it.o(i.HardFault_Handler)
    Init_Task                                0x080026c5   Thumb Code    42  task.o(i.Init_Task)
    LIGHT_TEST_TASK                          0x080026f5   Thumb Code    52  task.o(i.LIGHT_TEST_TASK)
    MX_DMA_Init                              0x08002735   Thumb Code    88  dma.o(i.MX_DMA_Init)
    MX_FREERTOS_Init                         0x08002791   Thumb Code   118  freertos.o(i.MX_FREERTOS_Init)
    MX_GPIO_Init                             0x08002811   Thumb Code   234  gpio.o(i.MX_GPIO_Init)
    MX_SPI2_Init                             0x0800290d   Thumb Code    62  spi.o(i.MX_SPI2_Init)
    MX_TIM2_Init                             0x08002955   Thumb Code   174  tim.o(i.MX_TIM2_Init)
    MX_TIM4_Init                             0x08002a09   Thumb Code   162  tim.o(i.MX_TIM4_Init)
    MX_USART3_UART_Init                      0x08002ab5   Thumb Code    48  usart.o(i.MX_USART3_UART_Init)
    Measuredist_Task                         0x08002aed   Thumb Code    18  task.o(i.Measuredist_Task)
    MemManage_Handler                        0x08002b05   Thumb Code     2  stm32f1xx_it.o(i.MemManage_Handler)
    Movecontrol_Task                         0x08002b09   Thumb Code    22  task.o(i.Movecontrol_Task)
    NMI_Handler                              0x08002b25   Thumb Code     2  stm32f1xx_it.o(i.NMI_Handler)
    OLED_Task                                0x08002b27   Thumb Code    12  task.o(i.OLED_Task)
    SysTick_Handler                          0x08002c21   Thumb Code    38  port.o(i.SysTick_Handler)
    SystemClock_Config                       0x08002c4d   Thumb Code    94  main.o(i.SystemClock_Config)
    SystemInit                               0x08002cab   Thumb Code     2  system_stm32f1xx.o(i.SystemInit)
    TIM1_UP_IRQHandler                       0x08002cad   Thumb Code     6  stm32f1xx_it.o(i.TIM1_UP_IRQHandler)
    TIM2_IRQHandler                          0x08002cb9   Thumb Code     6  stm32f1xx_it.o(i.TIM2_IRQHandler)
    TIM_Base_SetConfig                       0x08002cc5   Thumb Code   108  stm32f1xx_hal_tim.o(i.TIM_Base_SetConfig)
    TIM_CCxChannelCmd                        0x08002d3d   Thumb Code    26  stm32f1xx_hal_tim.o(i.TIM_CCxChannelCmd)
    TIM_DMADelayPulseHalfCplt                0x08002db5   Thumb Code    56  stm32f1xx_hal_tim.o(i.TIM_DMADelayPulseHalfCplt)
    TIM_DMAError                             0x08002ded   Thumb Code    84  stm32f1xx_hal_tim.o(i.TIM_DMAError)
    TIM_ETR_SetConfig                        0x08002e41   Thumb Code    20  stm32f1xx_hal_tim.o(i.TIM_ETR_SetConfig)
    TIM_OC2_SetConfig                        0x08002eb5   Thumb Code    84  stm32f1xx_hal_tim.o(i.TIM_OC2_SetConfig)
    TIM_TI1_SetConfig                        0x08002fcd   Thumb Code    76  stm32f1xx_hal_tim.o(i.TIM_TI1_SetConfig)
    UART_Start_Receive_DMA                   0x08003361   Thumb Code   130  stm32f1xx_hal_uart.o(i.UART_Start_Receive_DMA)
    USART3_IRQHandler                        0x080033f1   Thumb Code     6  stm32f1xx_it.o(i.USART3_IRQHandler)
    UsageFault_Handler                       0x080033fd   Thumb Code     2  stm32f1xx_it.o(i.UsageFault_Handler)
    __ARM_fpclassifyf                        0x080033ff   Thumb Code    38  fpclassifyf.o(i.__ARM_fpclassifyf)
    __mathlib_flt_infnan                     0x08003445   Thumb Code     6  funder.o(i.__mathlib_flt_infnan)
    __mathlib_flt_invalid                    0x0800344b   Thumb Code     8  funder.o(i.__mathlib_flt_invalid)
    __mathlib_flt_underflow                  0x08003453   Thumb Code    10  funder.o(i.__mathlib_flt_underflow)
    __mathlib_rredf2                         0x0800345d   Thumb Code   344  rredf.o(i.__mathlib_rredf2)
    bluetooth_start                          0x080035c5   Thumb Code    22  bluetooth.o(i.bluetooth_start)
    cosf                                     0x080035e5   Thumb Code   328  cosf.o(i.cosf)
    delay_us                                 0x08003761   Thumb Code    18  hc-sr04.o(i.delay_us)
    dis_measure_init                         0x08003779   Thumb Code    36  hc-sr04.o(i.dis_measure_init)
    get_distance                             0x080037a1   Thumb Code    46  hc-sr04.o(i.get_distance)
    hcsr04_read_forward                      0x080037d5   Thumb Code    76  hc-sr04.o(i.hcsr04_read_forward)
    hcsr04_read_left                         0x0800382d   Thumb Code    76  hc-sr04.o(i.hcsr04_read_left)
    hcsr04_read_right                        0x08003885   Thumb Code    76  hc-sr04.o(i.hcsr04_read_right)
    main                                     0x080038dd   Thumb Code    42  main.o(i.main)
    mode_judge                               0x08003913   Thumb Code     2  control.o(i.mode_judge)
    move_control                             0x08003915   Thumb Code     2  control.o(i.move_control)
    move_init                                0x08003919   Thumb Code    76  move.o(i.move_init)
    move_on                                  0x08003975   Thumb Code    18  move.o(i.move_on)
    osDelay                                  0x08003987   Thumb Code    14  cmsis_os.o(i.osDelay)
    osKernelStart                            0x08003995   Thumb Code    10  cmsis_os.o(i.osKernelStart)
    osThreadCreate                           0x0800399f   Thumb Code    84  cmsis_os.o(i.osThreadCreate)
    pvPortMalloc                             0x08003d41   Thumb Code   216  heap_4.o(i.pvPortMalloc)
    pxPortInitialiseStack                    0x08003e1d   Thumb Code    32  port.o(i.pxPortInitialiseStack)
    sinf                                     0x08003e41   Thumb Code   338  sinf.o(i.sinf)
    speedchange                              0x08003fc9   Thumb Code   112  move.o(i.speedchange)
    speedset                                 0x0800403d   Thumb Code    28  move.o(i.speedset)
    ssd1306_DrawArc                          0x08004069   Thumb Code   242  ssd1306.o(i.ssd1306_DrawArc)
    ssd1306_DrawArcWithRadiusLine            0x0800415b   Thumb Code   364  ssd1306.o(i.ssd1306_DrawArcWithRadiusLine)
    ssd1306_DrawBitmap                       0x080042c7   Thumb Code   110  ssd1306.o(i.ssd1306_DrawBitmap)
    ssd1306_DrawCircle                       0x08004335   Thumb Code   144  ssd1306.o(i.ssd1306_DrawCircle)
    ssd1306_DrawPixel                        0x080043c5   Thumb Code    42  ssd1306.o(i.ssd1306_DrawPixel)
    ssd1306_DrawRectangle                    0x080043f5   Thumb Code    68  ssd1306.o(i.ssd1306_DrawRectangle)
    ssd1306_Fill                             0x08004439   Thumb Code    18  ssd1306.o(i.ssd1306_Fill)
    ssd1306_FillCircle                       0x08004451   Thumb Code   142  ssd1306.o(i.ssd1306_FillCircle)
    ssd1306_FillRectangle                    0x080044df   Thumb Code    86  ssd1306.o(i.ssd1306_FillRectangle)
    ssd1306_Init                             0x08004535   Thumb Code   198  ssd1306.o(i.ssd1306_Init)
    ssd1306_InvertRectangle                  0x08004601   Thumb Code   146  ssd1306.o(i.ssd1306_InvertRectangle)
    ssd1306_Line                             0x08004699   Thumb Code   126  ssd1306.o(i.ssd1306_Line)
    ssd1306_Polyline                         0x08004731   Thumb Code    50  ssd1306.o(i.ssd1306_Polyline)
    ssd1306_Reset                            0x08004765   Thumb Code    52  ssd1306.o(i.ssd1306_Reset)
    ssd1306_SetContrast                      0x0800479d   Thumb Code    20  ssd1306.o(i.ssd1306_SetContrast)
    ssd1306_SetCursor                        0x080047b1   Thumb Code     8  ssd1306.o(i.ssd1306_SetCursor)
    ssd1306_SetDisplayOn                     0x080047bd   Thumb Code    20  ssd1306.o(i.ssd1306_SetDisplayOn)
    ssd1306_TestAll                          0x080047d5   Thumb Code   168  ssd1306_tests.o(i.ssd1306_TestAll)
    ssd1306_TestArc                          0x0800487d   Thumb Code    48  ssd1306_tests.o(i.ssd1306_TestArc)
    ssd1306_TestBorder                       0x080048ad   Thumb Code    98  ssd1306_tests.o(i.ssd1306_TestBorder)
    ssd1306_TestCircle                       0x08004911   Thumb Code    72  ssd1306_tests.o(i.ssd1306_TestCircle)
    ssd1306_TestDrawBitmap                   0x08004959   Thumb Code   106  ssd1306_tests.o(i.ssd1306_TestDrawBitmap)
    ssd1306_TestFPS                          0x080049cd   Thumb Code   244  ssd1306_tests.o(i.ssd1306_TestFPS)
    ssd1306_TestFonts1                       0x08004af5   Thumb Code   108  ssd1306_tests.o(i.ssd1306_TestFonts1)
    ssd1306_TestFonts2                       0x08004ba1   Thumb Code    74  ssd1306_tests.o(i.ssd1306_TestFonts2)
    ssd1306_TestFonts3                       0x08004c09   Thumb Code    80  ssd1306_tests.o(i.ssd1306_TestFonts3)
    ssd1306_TestLine                         0x08004c8d   Thumb Code    40  ssd1306_tests.o(i.ssd1306_TestLine)
    ssd1306_TestPolyline                     0x08004cb5   Thumb Code    26  ssd1306_tests.o(i.ssd1306_TestPolyline)
    ssd1306_TestRectangle                    0x08004cd5   Thumb Code    52  ssd1306_tests.o(i.ssd1306_TestRectangle)
    ssd1306_TestRectangleFill                0x08004d09   Thumb Code    70  ssd1306_tests.o(i.ssd1306_TestRectangleFill)
    ssd1306_TestRectangleInvert              0x08004d51   Thumb Code   158  ssd1306_tests.o(i.ssd1306_TestRectangleInvert)
    ssd1306_UpdateScreen                     0x08004e09   Thumb Code    50  ssd1306.o(i.ssd1306_UpdateScreen)
    ssd1306_WriteChar                        0x08004e41   Thumb Code   168  ssd1306.o(i.ssd1306_WriteChar)
    ssd1306_WriteCommand                     0x08004eed   Thumb Code    54  ssd1306.o(i.ssd1306_WriteCommand)
    ssd1306_WriteData                        0x08004f2d   Thumb Code    62  ssd1306.o(i.ssd1306_WriteData)
    ssd1306_WriteString                      0x08004f75   Thumb Code    52  ssd1306.o(i.ssd1306_WriteString)
    turn_left                                0x08004fa9   Thumb Code    20  move.o(i.turn_left)
    turn_left_fast                           0x08004fbd   Thumb Code    18  move.o(i.turn_left_fast)
    turn_right                               0x08004fcf   Thumb Code    16  move.o(i.turn_right)
    turn_right_fast                          0x08004fdf   Thumb Code    18  move.o(i.turn_right_fast)
    uxListRemove                             0x08004ff1   Thumb Code    38  list.o(i.uxListRemove)
    vApplicationGetIdleTaskMemory            0x08005019   Thumb Code    16  freertos.o(i.vApplicationGetIdleTaskMemory)
    vListInitialise                          0x0800502d   Thumb Code    22  list.o(i.vListInitialise)
    vListInitialiseItem                      0x08005043   Thumb Code     6  list.o(i.vListInitialiseItem)
    vListInsert                              0x08005049   Thumb Code    48  list.o(i.vListInsert)
    vListInsertEnd                           0x08005079   Thumb Code    24  list.o(i.vListInsertEnd)
    vPortEnterCritical                       0x08005091   Thumb Code    54  port.o(i.vPortEnterCritical)
    vPortExitCritical                        0x080050d1   Thumb Code    34  port.o(i.vPortExitCritical)
    vPortFree                                0x080050f9   Thumb Code    94  heap_4.o(i.vPortFree)
    vPortSetupTimerInterrupt                 0x0800515d   Thumb Code    32  port.o(i.vPortSetupTimerInterrupt)
    vTaskDelay                               0x08005181   Thumb Code    66  tasks.o(i.vTaskDelay)
    vTaskStartScheduler                      0x080051cd   Thumb Code    90  tasks.o(i.vTaskStartScheduler)
    vTaskSuspend                             0x08005239   Thumb Code   174  tasks.o(i.vTaskSuspend)
    vTaskSuspendAll                          0x080052f5   Thumb Code    10  tasks.o(i.vTaskSuspendAll)
    vTaskSwitchContext                       0x08005305   Thumb Code    82  tasks.o(i.vTaskSwitchContext)
    wheel_left_run                           0x08005361   Thumb Code    62  move.o(i.wheel_left_run)
    wheel_left_stop                          0x080053a5   Thumb Code    28  move.o(i.wheel_left_stop)
    wheel_right_run                          0x080053c5   Thumb Code    68  move.o(i.wheel_right_run)
    wheel_right_stop                         0x08005411   Thumb Code    28  move.o(i.wheel_right_stop)
    xPortStartScheduler                      0x08005435   Thumb Code   154  port.o(i.xPortStartScheduler)
    xTaskCreate                              0x080054dd   Thumb Code    90  tasks.o(i.xTaskCreate)
    xTaskCreateStatic                        0x08005537   Thumb Code    86  tasks.o(i.xTaskCreateStatic)
    xTaskIncrementTick                       0x0800558d   Thumb Code   194  tasks.o(i.xTaskIncrementTick)
    xTaskResumeAll                           0x08005659   Thumb Code   182  tasks.o(i.xTaskResumeAll)
    __aeabi_d2f                              0x0800571d   Thumb Code     0  d2f.o(x$fpl$d2f)
    _d2f                                     0x0800571d   Thumb Code    98  d2f.o(x$fpl$d2f)
    __aeabi_ddiv                             0x08005781   Thumb Code     0  ddiv.o(x$fpl$ddiv)
    _ddiv                                    0x08005781   Thumb Code   552  ddiv.o(x$fpl$ddiv)
    __aeabi_d2iz                             0x08005a31   Thumb Code     0  dfix.o(x$fpl$dfix)
    _dfix                                    0x08005a31   Thumb Code    94  dfix.o(x$fpl$dfix)
    __aeabi_ui2d                             0x08005a8f   Thumb Code     0  dflt_clz.o(x$fpl$dfltu)
    _dfltu                                   0x08005a8f   Thumb Code    38  dflt_clz.o(x$fpl$dfltu)
    __aeabi_dmul                             0x08005ab5   Thumb Code     0  dmul.o(x$fpl$dmul)
    _dmul                                    0x08005ab5   Thumb Code   332  dmul.o(x$fpl$dmul)
    __fpl_dnaninf                            0x08005c09   Thumb Code   156  dnaninf.o(x$fpl$dnaninf)
    __fpl_dretinf                            0x08005ca5   Thumb Code    12  dretinf.o(x$fpl$dretinf)
    __aeabi_f2d                              0x08005cb1   Thumb Code     0  f2d.o(x$fpl$f2d)
    _f2d                                     0x08005cb1   Thumb Code    86  f2d.o(x$fpl$f2d)
    __aeabi_fadd                             0x08005d09   Thumb Code     0  faddsub_clz.o(x$fpl$fadd)
    _fadd                                    0x08005d09   Thumb Code   196  faddsub_clz.o(x$fpl$fadd)
    __fpl_fcheck_NaN1                        0x08005dcd   Thumb Code     6  fcheck1.o(x$fpl$fcheck1)
    __aeabi_fdiv                             0x08005dd9   Thumb Code     0  fdiv.o(x$fpl$fdiv)
    _fdiv                                    0x08005dd9   Thumb Code   384  fdiv.o(x$fpl$fdiv)
    __aeabi_f2iz                             0x08005f5d   Thumb Code     0  ffix.o(x$fpl$ffix)
    _ffix                                    0x08005f5d   Thumb Code    54  ffix.o(x$fpl$ffix)
    __aeabi_i2f                              0x08005f95   Thumb Code     0  fflt_clz.o(x$fpl$fflt)
    _fflt                                    0x08005f95   Thumb Code    48  fflt_clz.o(x$fpl$fflt)
    __aeabi_ui2f                             0x08005fc5   Thumb Code     0  fflt_clz.o(x$fpl$ffltu)
    _ffltu                                   0x08005fc5   Thumb Code    38  fflt_clz.o(x$fpl$ffltu)
    __aeabi_fmul                             0x08005fed   Thumb Code     0  fmul.o(x$fpl$fmul)
    _fmul                                    0x08005fed   Thumb Code   258  fmul.o(x$fpl$fmul)
    __fpl_fnaninf                            0x080060ef   Thumb Code   140  fnaninf.o(x$fpl$fnaninf)
    __fpl_fretinf                            0x0800617b   Thumb Code    10  fretinf.o(x$fpl$fretinf)
    _frnd                                    0x08006185   Thumb Code    96  frnd.o(x$fpl$frnd)
    __aeabi_frsub                            0x080061e5   Thumb Code     0  faddsub_clz.o(x$fpl$frsb)
    _frsb                                    0x080061e5   Thumb Code    20  faddsub_clz.o(x$fpl$frsb)
    __aeabi_fsub                             0x080061f9   Thumb Code     0  faddsub_clz.o(x$fpl$fsub)
    _fsub                                    0x080061f9   Thumb Code   234  faddsub_clz.o(x$fpl$fsub)
    __fpl_return_NaN                         0x080062e3   Thumb Code   100  retnan.o(x$fpl$retnan)
    __ARM_scalbnf                            0x08006347   Thumb Code    76  scalbnf.o(x$fpl$scalbnf)
    __fpl_cmpreturn                          0x08006393   Thumb Code    48  trapv.o(x$fpl$trapveneer)
    __I$use$fp                               0x080063c2   Number         0  usenofp.o(x$fpl$usenofp)
    AHBPrescTable                            0x08006462   Data          16  system_stm32f1xx.o(.constdata)
    APBPrescTable                            0x08006472   Data           8  system_stm32f1xx.o(.constdata)
    Font_6x8                                 0x0800afd0   Data          12  ssd1306_fonts.o(.constdata)
    Font_7x10                                0x0800afdc   Data          12  ssd1306_fonts.o(.constdata)
    Font_11x18                               0x0800afe8   Data          12  ssd1306_fonts.o(.constdata)
    Font_16x26                               0x0800aff4   Data          12  ssd1306_fonts.o(.constdata)
    Font_16x24                               0x0800b000   Data          12  ssd1306_fonts.o(.constdata)
    Font_16x15                               0x0800b00c   Data          12  ssd1306_fonts.o(.constdata)
    garfield_128x64                          0x0800b018   Data        1024  ssd1306_tests.o(.constdata)
    github_logo_64x64                        0x0800b418   Data         512  ssd1306_tests.o(.constdata)
    Region$$Table$$Base                      0x0800b67c   Number         0  anon$$obj.o(Region$$Table)
    Region$$Table$$Limit                     0x0800b69c   Number         0  anon$$obj.o(Region$$Table)
    InitHandle                               0x20000000   Data           4  freertos.o(.data)
    MeasuredistHandle                        0x20000004   Data           4  freertos.o(.data)
    OLEDHandle                               0x20000008   Data           4  freertos.o(.data)
    MovecontrolHandle                        0x2000000c   Data           4  freertos.o(.data)
    LIGHT_TESTHandle                         0x20000010   Data           4  freertos.o(.data)
    uwTickFreq                               0x20000014   Data           1  stm32f1xx_hal.o(.data)
    uwTickPrio                               0x20000018   Data           4  stm32f1xx_hal.o(.data)
    uwTick                                   0x2000001c   Data           4  stm32f1xx_hal.o(.data)
    SystemCoreClock                          0x20000020   Data           4  system_stm32f1xx.o(.data)
    pxCurrentTCB                             0x20000024   Data           4  tasks.o(.data)
    IS_FIRST_CAPTURE                         0x2000008c   Data           3  hc-sr04.o(.data)
    rxbuff                                   0x2000008f   Data           1  bluetooth.o(.data)
    remote_flag                              0x20000090   Data           1  bluetooth.o(.data)
    light_test                               0x20000098   Data           3  move.o(.data)
    move_mode                                0x2000009b   Data           1  control.o(.data)
    GLOBAL_INIT_FLAG                         0x2000009c   Data           1  task.o(.data)
    hspi2                                    0x200002f4   Data          88  spi.o(.bss)
    htim2                                    0x2000034c   Data          72  tim.o(.bss)
    htim4                                    0x20000394   Data          72  tim.o(.bss)
    hdma_tim4_ch1                            0x200003dc   Data          68  tim.o(.bss)
    hdma_tim4_ch2                            0x20000420   Data          68  tim.o(.bss)
    huart3                                   0x20000464   Data          72  usart.o(.bss)
    hdma_usart3_rx                           0x200004ac   Data          68  usart.o(.bss)
    hdma_usart3_tx                           0x200004f0   Data          68  usart.o(.bss)
    htim1                                    0x20000534   Data          72  stm32f1xx_hal_timebase_tim.o(.bss)
    IC_Valbegin                              0x20001e6c   Data          12  hc-sr04.o(.bss)
    IC_Valend                                0x20001e78   Data          12  hc-sr04.o(.bss)
    difference                               0x20001e84   Data          12  hc-sr04.o(.bss)
    distancebuff                             0x20001e90   Data          12  hc-sr04.o(.bss)
    distance                                 0x20001e9c   Data          12  hc-sr04.o(.bss)
    speed                                    0x200022a8   Data          20  move.o(.bss)
    __libspace_start                         0x200022bc   Data          96  libspace.o(.bss)
    __temporary_stack_top$libspace           0x2000231c   Data           0  libspace.o(.bss)



==============================================================================

Memory Map of the image

  Image Entry point : 0x080000ed

  Load Region LR_IROM1 (Base: 0x08000000, Size: 0x0000b73c, Max: 0x00020000, ABSOLUTE)

    Execution Region ER_IROM1 (Exec base: 0x08000000, Load base: 0x08000000, Size: 0x0000b69c, Max: 0x00020000, ABSOLUTE)

    Exec Addr    Load Addr    Size         Type   Attr      Idx    E Section Name        Object

    0x08000000   0x08000000   0x000000ec   Data   RO            3    RESET               startup_stm32f103xb.o
    0x080000ec   0x080000ec   0x00000008   Code   RO         5492  * !!!main             c_w.l(__main.o)
    0x080000f4   0x080000f4   0x00000034   Code   RO         5767    !!!scatter          c_w.l(__scatter.o)
    0x08000128   0x08000128   0x0000001a   Code   RO         5769    !!handler_copy      c_w.l(__scatter_copy.o)
    0x08000142   0x08000142   0x00000002   PAD
    0x08000144   0x08000144   0x0000001c   Code   RO         5771    !!handler_zi        c_w.l(__scatter_zi.o)
    0x08000160   0x08000160   0x00000000   Code   RO         5477    .ARM.Collect$$_printf_percent$$00000000  c_w.l(_printf_percent.o)
    0x08000160   0x08000160   0x00000006   Code   RO         5476    .ARM.Collect$$_printf_percent$$00000009  c_w.l(_printf_d.o)
    0x08000166   0x08000166   0x00000004   Code   RO         5557    .ARM.Collect$$_printf_percent$$00000017  c_w.l(_printf_percent_end.o)
    0x0800016a   0x0800016a   0x00000002   Code   RO         5634    .ARM.Collect$$libinit$$00000000  c_w.l(libinit.o)
    0x0800016c   0x0800016c   0x00000000   Code   RO         5640    .ARM.Collect$$libinit$$00000002  c_w.l(libinit2.o)
    0x0800016c   0x0800016c   0x00000000   Code   RO         5642    .ARM.Collect$$libinit$$00000004  c_w.l(libinit2.o)
    0x0800016c   0x0800016c   0x00000000   Code   RO         5645    .ARM.Collect$$libinit$$0000000A  c_w.l(libinit2.o)
    0x0800016c   0x0800016c   0x00000000   Code   RO         5647    .ARM.Collect$$libinit$$0000000C  c_w.l(libinit2.o)
    0x0800016c   0x0800016c   0x00000000   Code   RO         5649    .ARM.Collect$$libinit$$0000000E  c_w.l(libinit2.o)
    0x0800016c   0x0800016c   0x00000000   Code   RO         5652    .ARM.Collect$$libinit$$00000011  c_w.l(libinit2.o)
    0x0800016c   0x0800016c   0x00000000   Code   RO         5654    .ARM.Collect$$libinit$$00000013  c_w.l(libinit2.o)
    0x0800016c   0x0800016c   0x00000000   Code   RO         5656    .ARM.Collect$$libinit$$00000015  c_w.l(libinit2.o)
    0x0800016c   0x0800016c   0x00000000   Code   RO         5658    .ARM.Collect$$libinit$$00000017  c_w.l(libinit2.o)
    0x0800016c   0x0800016c   0x00000000   Code   RO         5660    .ARM.Collect$$libinit$$00000019  c_w.l(libinit2.o)
    0x0800016c   0x0800016c   0x00000000   Code   RO         5662    .ARM.Collect$$libinit$$0000001B  c_w.l(libinit2.o)
    0x0800016c   0x0800016c   0x00000000   Code   RO         5664    .ARM.Collect$$libinit$$0000001D  c_w.l(libinit2.o)
    0x0800016c   0x0800016c   0x00000000   Code   RO         5666    .ARM.Collect$$libinit$$0000001F  c_w.l(libinit2.o)
    0x0800016c   0x0800016c   0x00000000   Code   RO         5668    .ARM.Collect$$libinit$$00000021  c_w.l(libinit2.o)
    0x0800016c   0x0800016c   0x00000000   Code   RO         5670    .ARM.Collect$$libinit$$00000023  c_w.l(libinit2.o)
    0x0800016c   0x0800016c   0x00000000   Code   RO         5672    .ARM.Collect$$libinit$$00000025  c_w.l(libinit2.o)
    0x0800016c   0x0800016c   0x00000000   Code   RO         5676    .ARM.Collect$$libinit$$0000002C  c_w.l(libinit2.o)
    0x0800016c   0x0800016c   0x00000000   Code   RO         5678    .ARM.Collect$$libinit$$0000002E  c_w.l(libinit2.o)
    0x0800016c   0x0800016c   0x00000000   Code   RO         5680    .ARM.Collect$$libinit$$00000030  c_w.l(libinit2.o)
    0x0800016c   0x0800016c   0x00000000   Code   RO         5682    .ARM.Collect$$libinit$$00000032  c_w.l(libinit2.o)
    0x0800016c   0x0800016c   0x00000002   Code   RO         5683    .ARM.Collect$$libinit$$00000033  c_w.l(libinit2.o)
    0x0800016e   0x0800016e   0x00000002   Code   RO         5707    .ARM.Collect$$libshutdown$$00000000  c_w.l(libshutdown.o)
    0x08000170   0x08000170   0x00000000   Code   RO         5720    .ARM.Collect$$libshutdown$$00000002  c_w.l(libshutdown2.o)
    0x08000170   0x08000170   0x00000000   Code   RO         5722    .ARM.Collect$$libshutdown$$00000004  c_w.l(libshutdown2.o)
    0x08000170   0x08000170   0x00000000   Code   RO         5725    .ARM.Collect$$libshutdown$$00000007  c_w.l(libshutdown2.o)
    0x08000170   0x08000170   0x00000000   Code   RO         5728    .ARM.Collect$$libshutdown$$0000000A  c_w.l(libshutdown2.o)
    0x08000170   0x08000170   0x00000000   Code   RO         5730    .ARM.Collect$$libshutdown$$0000000C  c_w.l(libshutdown2.o)
    0x08000170   0x08000170   0x00000000   Code   RO         5733    .ARM.Collect$$libshutdown$$0000000F  c_w.l(libshutdown2.o)
    0x08000170   0x08000170   0x00000002   Code   RO         5734    .ARM.Collect$$libshutdown$$00000010  c_w.l(libshutdown2.o)
    0x08000172   0x08000172   0x00000000   Code   RO         5546    .ARM.Collect$$rtentry$$00000000  c_w.l(__rtentry.o)
    0x08000172   0x08000172   0x00000000   Code   RO         5599    .ARM.Collect$$rtentry$$00000002  c_w.l(__rtentry2.o)
    0x08000172   0x08000172   0x00000006   Code   RO         5611    .ARM.Collect$$rtentry$$00000004  c_w.l(__rtentry4.o)
    0x08000178   0x08000178   0x00000000   Code   RO         5601    .ARM.Collect$$rtentry$$00000009  c_w.l(__rtentry2.o)
    0x08000178   0x08000178   0x00000004   Code   RO         5602    .ARM.Collect$$rtentry$$0000000A  c_w.l(__rtentry2.o)
    0x0800017c   0x0800017c   0x00000000   Code   RO         5604    .ARM.Collect$$rtentry$$0000000C  c_w.l(__rtentry2.o)
    0x0800017c   0x0800017c   0x00000008   Code   RO         5605    .ARM.Collect$$rtentry$$0000000D  c_w.l(__rtentry2.o)
    0x08000184   0x08000184   0x00000002   Code   RO         5637    .ARM.Collect$$rtexit$$00000000  c_w.l(rtexit.o)
    0x08000186   0x08000186   0x00000000   Code   RO         5687    .ARM.Collect$$rtexit$$00000002  c_w.l(rtexit2.o)
    0x08000186   0x08000186   0x00000004   Code   RO         5688    .ARM.Collect$$rtexit$$00000003  c_w.l(rtexit2.o)
    0x0800018a   0x0800018a   0x00000006   Code   RO         5689    .ARM.Collect$$rtexit$$00000004  c_w.l(rtexit2.o)
    0x08000190   0x08000190   0x00000096   Code   RO         4700    .emb_text           port.o
    0x08000226   0x08000226   0x00000002   PAD
    0x08000228   0x08000228   0x00000040   Code   RO            4    .text               startup_stm32f103xb.o
    0x08000268   0x08000268   0x00000034   Code   RO         5450    .text               c_w.l(noretval__2snprintf.o)
    0x0800029c   0x0800029c   0x00000068   Code   RO         5452    .text               c_w.l(__printf.o)
    0x08000304   0x08000304   0x00000078   Code   RO         5454    .text               c_w.l(_printf_dec.o)
    0x0800037c   0x0800037c   0x0000008a   Code   RO         5478    .text               c_w.l(rt_memcpy_v6.o)
    0x08000406   0x08000406   0x00000084   Code   RO         5480    .text               c_w.l(rt_memmove_v6.o)
    0x0800048a   0x0800048a   0x00000064   Code   RO         5482    .text               c_w.l(rt_memcpy_w.o)
    0x080004ee   0x080004ee   0x00000010   Code   RO         5486    .text               c_w.l(aeabi_memset.o)
    0x080004fe   0x080004fe   0x0000004e   Code   RO         5488    .text               c_w.l(rt_memclr_w.o)
    0x0800054c   0x0800054c   0x00000006   Code   RO         5490    .text               c_w.l(heapauxi.o)
    0x08000552   0x08000552   0x00000016   Code   RO         5547    .text               c_w.l(_rserrno.o)
    0x08000568   0x08000568   0x000000b2   Code   RO         5549    .text               c_w.l(_printf_intcommon.o)
    0x0800061a   0x0800061a   0x00000002   PAD
    0x0800061c   0x0800061c   0x00000030   Code   RO         5551    .text               c_w.l(_printf_char_common.o)
    0x0800064c   0x0800064c   0x0000000a   Code   RO         5553    .text               c_w.l(_sputc.o)
    0x08000656   0x08000656   0x00000010   Code   RO         5555    .text               c_w.l(_snputc.o)
    0x08000666   0x08000666   0x0000007a   Code   RO         5558    .text               c_w.l(rt_memmove_w.o)
    0x080006e0   0x080006e0   0x00000044   Code   RO         5560    .text               c_w.l(rt_memclr.o)
    0x08000724   0x08000724   0x00000008   Code   RO         5616    .text               c_w.l(rt_errno_addr_intlibspace.o)
    0x0800072c   0x0800072c   0x00000008   Code   RO         5622    .text               c_w.l(libspace.o)
    0x08000734   0x08000734   0x0000004a   Code   RO         5625    .text               c_w.l(sys_stackheap_outer.o)
    0x0800077e   0x0800077e   0x00000012   Code   RO         5627    .text               c_w.l(exit.o)
    0x08000790   0x08000790   0x0000000c   Code   RO         5699    .text               c_w.l(sys_exit.o)
    0x0800079c   0x0800079c   0x00000002   Code   RO         5710    .text               c_w.l(use_no_semi.o)
    0x0800079e   0x0800079e   0x00000000   Code   RO         5712    .text               c_w.l(indicate_semi.o)
    0x0800079e   0x0800079e   0x00000002   Code   RO          494    i.BusFault_Handler  stm32f1xx_it.o
    0x080007a0   0x080007a0   0x0000000c   Code   RO          495    i.DMA1_Channel1_IRQHandler  stm32f1xx_it.o
    0x080007ac   0x080007ac   0x0000000c   Code   RO          496    i.DMA1_Channel2_IRQHandler  stm32f1xx_it.o
    0x080007b8   0x080007b8   0x0000000c   Code   RO          497    i.DMA1_Channel3_IRQHandler  stm32f1xx_it.o
    0x080007c4   0x080007c4   0x0000000c   Code   RO          498    i.DMA1_Channel4_IRQHandler  stm32f1xx_it.o
    0x080007d0   0x080007d0   0x0000002a   Code   RO         1073    i.DMA_SetConfig     stm32f1xx_hal_dma.o
    0x080007fa   0x080007fa   0x00000002   Code   RO          499    i.DebugMon_Handler  stm32f1xx_it.o
    0x080007fc   0x080007fc   0x00000004   Code   RO           13    i.Error_Handler     main.o
    0x08000800   0x08000800   0x00000046   Code   RO         1074    i.HAL_DMA_Abort     stm32f1xx_hal_dma.o
    0x08000846   0x08000846   0x00000002   PAD
    0x08000848   0x08000848   0x00000098   Code   RO         1075    i.HAL_DMA_Abort_IT  stm32f1xx_hal_dma.o
    0x080008e0   0x080008e0   0x00000154   Code   RO         1079    i.HAL_DMA_IRQHandler  stm32f1xx_hal_dma.o
    0x08000a34   0x08000a34   0x0000005c   Code   RO         1080    i.HAL_DMA_Init      stm32f1xx_hal_dma.o
    0x08000a90   0x08000a90   0x00000070   Code   RO         1084    i.HAL_DMA_Start_IT  stm32f1xx_hal_dma.o
    0x08000b00   0x08000b00   0x00000024   Code   RO          700    i.HAL_Delay         stm32f1xx_hal.o
    0x08000b24   0x08000b24   0x000001e0   Code   RO         1010    i.HAL_GPIO_Init     stm32f1xx_hal_gpio.o
    0x08000d04   0x08000d04   0x0000000a   Code   RO         1012    i.HAL_GPIO_ReadPin  stm32f1xx_hal_gpio.o
    0x08000d0e   0x08000d0e   0x00000010   Code   RO         1013    i.HAL_GPIO_TogglePin  stm32f1xx_hal_gpio.o
    0x08000d1e   0x08000d1e   0x0000000a   Code   RO         1014    i.HAL_GPIO_WritePin  stm32f1xx_hal_gpio.o
    0x08000d28   0x08000d28   0x0000000c   Code   RO          704    i.HAL_GetTick       stm32f1xx_hal.o
    0x08000d34   0x08000d34   0x00000010   Code   RO          710    i.HAL_IncTick       stm32f1xx_hal.o
    0x08000d44   0x08000d44   0x00000024   Code   RO          711    i.HAL_Init          stm32f1xx_hal.o
    0x08000d68   0x08000d68   0x0000008c   Code   RO          618    i.HAL_InitTick      stm32f1xx_hal_timebase_tim.o
    0x08000df4   0x08000df4   0x00000048   Code   RO          594    i.HAL_MspInit       stm32f1xx_hal_msp.o
    0x08000e3c   0x08000e3c   0x0000001a   Code   RO         1170    i.HAL_NVIC_EnableIRQ  stm32f1xx_hal_cortex.o
    0x08000e56   0x08000e56   0x00000002   PAD
    0x08000e58   0x08000e58   0x00000040   Code   RO         1176    i.HAL_NVIC_SetPriority  stm32f1xx_hal_cortex.o
    0x08000e98   0x08000e98   0x00000024   Code   RO         1177    i.HAL_NVIC_SetPriorityGrouping  stm32f1xx_hal_cortex.o
    0x08000ebc   0x08000ebc   0x0000012c   Code   RO          868    i.HAL_RCC_ClockConfig  stm32f1xx_hal_rcc.o
    0x08000fe8   0x08000fe8   0x00000040   Code   RO          872    i.HAL_RCC_GetClockConfig  stm32f1xx_hal_rcc.o
    0x08001028   0x08001028   0x00000020   Code   RO          875    i.HAL_RCC_GetPCLK1Freq  stm32f1xx_hal_rcc.o
    0x08001048   0x08001048   0x00000020   Code   RO          876    i.HAL_RCC_GetPCLK2Freq  stm32f1xx_hal_rcc.o
    0x08001068   0x08001068   0x0000004c   Code   RO          877    i.HAL_RCC_GetSysClockFreq  stm32f1xx_hal_rcc.o
    0x080010b4   0x080010b4   0x00000320   Code   RO          880    i.HAL_RCC_OscConfig  stm32f1xx_hal_rcc.o
    0x080013d4   0x080013d4   0x000000b2   Code   RO         1681    i.HAL_SPI_Init      stm32f1xx_hal_spi.o
    0x08001486   0x08001486   0x00000002   PAD
    0x08001488   0x08001488   0x00000060   Code   RO          360    i.HAL_SPI_MspInit   spi.o
    0x080014e8   0x080014e8   0x00000166   Code   RO         1689    i.HAL_SPI_Transmit  stm32f1xx_hal_spi.o
    0x0800164e   0x0800164e   0x00000002   Code   RO         2698    i.HAL_TIMEx_BreakCallback  stm32f1xx_hal_tim_ex.o
    0x08001650   0x08001650   0x00000002   Code   RO         2699    i.HAL_TIMEx_CommutCallback  stm32f1xx_hal_tim_ex.o
    0x08001652   0x08001652   0x00000002   PAD
    0x08001654   0x08001654   0x00000068   Code   RO         2717    i.HAL_TIMEx_MasterConfigSynchronization  stm32f1xx_hal_tim_ex.o
    0x080016bc   0x080016bc   0x0000005a   Code   RO         1994    i.HAL_TIM_Base_Init  stm32f1xx_hal_tim.o
    0x08001716   0x08001716   0x00000002   PAD
    0x08001718   0x08001718   0x000000e4   Code   RO          399    i.HAL_TIM_Base_MspInit  tim.o
    0x080017fc   0x080017fc   0x00000050   Code   RO         1997    i.HAL_TIM_Base_Start  stm32f1xx_hal_tim.o
    0x0800184c   0x0800184c   0x00000058   Code   RO         1999    i.HAL_TIM_Base_Start_IT  stm32f1xx_hal_tim.o
    0x080018a4   0x080018a4   0x000000dc   Code   RO         2003    i.HAL_TIM_ConfigClockSource  stm32f1xx_hal_tim.o
    0x08001980   0x08001980   0x00000002   Code   RO         2024    i.HAL_TIM_ErrorCallback  stm32f1xx_hal_tim.o
    0x08001982   0x08001982   0x00000002   PAD
    0x08001984   0x08001984   0x000001f0   Code   RO         4795    i.HAL_TIM_IC_CaptureCallback  hc-sr04.o
    0x08001b74   0x08001b74   0x00000124   Code   RO         2030    i.HAL_TIM_IC_ConfigChannel  stm32f1xx_hal_tim.o
    0x08001c98   0x08001c98   0x0000005a   Code   RO         2033    i.HAL_TIM_IC_Init   stm32f1xx_hal_tim.o
    0x08001cf2   0x08001cf2   0x00000002   Code   RO         2035    i.HAL_TIM_IC_MspInit  stm32f1xx_hal_tim.o
    0x08001cf4   0x08001cf4   0x000000e4   Code   RO         2038    i.HAL_TIM_IC_Start_IT  stm32f1xx_hal_tim.o
    0x08001dd8   0x08001dd8   0x00000130   Code   RO         2042    i.HAL_TIM_IRQHandler  stm32f1xx_hal_tim.o
    0x08001f08   0x08001f08   0x0000004c   Code   RO          400    i.HAL_TIM_MspPostInit  tim.o
    0x08001f54   0x08001f54   0x00000002   Code   RO         2045    i.HAL_TIM_OC_DelayElapsedCallback  stm32f1xx_hal_tim.o
    0x08001f56   0x08001f56   0x000000cc   Code   RO         2066    i.HAL_TIM_PWM_ConfigChannel  stm32f1xx_hal_tim.o
    0x08002022   0x08002022   0x0000005a   Code   RO         2069    i.HAL_TIM_PWM_Init  stm32f1xx_hal_tim.o
    0x0800207c   0x0800207c   0x00000002   Code   RO         2071    i.HAL_TIM_PWM_MspInit  stm32f1xx_hal_tim.o
    0x0800207e   0x0800207e   0x00000002   Code   RO         2072    i.HAL_TIM_PWM_PulseFinishedCallback  stm32f1xx_hal_tim.o
    0x08002080   0x08002080   0x00000002   Code   RO         2073    i.HAL_TIM_PWM_PulseFinishedHalfCpltCallback  stm32f1xx_hal_tim.o
    0x08002082   0x08002082   0x00000002   PAD
    0x08002084   0x08002084   0x00000194   Code   RO         2075    i.HAL_TIM_PWM_Start_DMA  stm32f1xx_hal_tim.o
    0x08002218   0x08002218   0x00000014   Code   RO           14    i.HAL_TIM_PeriodElapsedCallback  main.o
    0x0800222c   0x0800222c   0x0000002a   Code   RO         2082    i.HAL_TIM_ReadCapturedValue  stm32f1xx_hal_tim.o
    0x08002256   0x08002256   0x00000002   Code   RO         2085    i.HAL_TIM_TriggerCallback  stm32f1xx_hal_tim.o
    0x08002258   0x08002258   0x00000002   Code   RO         2977    i.HAL_UARTEx_RxEventCallback  stm32f1xx_hal_uart.o
    0x0800225a   0x0800225a   0x00000002   Code   RO         2991    i.HAL_UART_ErrorCallback  stm32f1xx_hal_uart.o
    0x0800225c   0x0800225c   0x0000026c   Code   RO         2994    i.HAL_UART_IRQHandler  stm32f1xx_hal_uart.o
    0x080024c8   0x080024c8   0x00000064   Code   RO         2995    i.HAL_UART_Init     stm32f1xx_hal_uart.o
    0x0800252c   0x0800252c   0x000000e4   Code   RO          453    i.HAL_UART_MspInit  usart.o
    0x08002610   0x08002610   0x0000001c   Code   RO         2999    i.HAL_UART_Receive_DMA  stm32f1xx_hal_uart.o
    0x0800262c   0x0800262c   0x00000090   Code   RO         4862    i.HAL_UART_RxCpltCallback  bluetooth.o
    0x080026bc   0x080026bc   0x00000002   Code   RO         3002    i.HAL_UART_RxHalfCpltCallback  stm32f1xx_hal_uart.o
    0x080026be   0x080026be   0x00000002   Code   RO         3006    i.HAL_UART_TxCpltCallback  stm32f1xx_hal_uart.o
    0x080026c0   0x080026c0   0x00000002   Code   RO          500    i.HardFault_Handler  stm32f1xx_it.o
    0x080026c2   0x080026c2   0x00000002   PAD
    0x080026c4   0x080026c4   0x00000030   Code   RO         5389    i.Init_Task         task.o
    0x080026f4   0x080026f4   0x00000040   Code   RO         5390    i.LIGHT_TEST_TASK   task.o
    0x08002734   0x08002734   0x0000005c   Code   RO          335    i.MX_DMA_Init       dma.o
    0x08002790   0x08002790   0x00000080   Code   RO          260    i.MX_FREERTOS_Init  freertos.o
    0x08002810   0x08002810   0x000000fc   Code   RO          234    i.MX_GPIO_Init      gpio.o
    0x0800290c   0x0800290c   0x00000048   Code   RO          361    i.MX_SPI2_Init      spi.o
    0x08002954   0x08002954   0x000000b4   Code   RO          401    i.MX_TIM2_Init      tim.o
    0x08002a08   0x08002a08   0x000000ac   Code   RO          402    i.MX_TIM4_Init      tim.o
    0x08002ab4   0x08002ab4   0x00000038   Code   RO          454    i.MX_USART3_UART_Init  usart.o
    0x08002aec   0x08002aec   0x00000018   Code   RO         5391    i.Measuredist_Task  task.o
    0x08002b04   0x08002b04   0x00000002   Code   RO          501    i.MemManage_Handler  stm32f1xx_it.o
    0x08002b06   0x08002b06   0x00000002   PAD
    0x08002b08   0x08002b08   0x0000001c   Code   RO         5392    i.Movecontrol_Task  task.o
    0x08002b24   0x08002b24   0x00000002   Code   RO          502    i.NMI_Handler       stm32f1xx_it.o
    0x08002b26   0x08002b26   0x0000000c   Code   RO         5393    i.OLED_Task         task.o
    0x08002b32   0x08002b32   0x00000034   Code   RO         1719    i.SPI_EndRxTxTransaction  stm32f1xx_hal_spi.o
    0x08002b66   0x08002b66   0x00000002   PAD
    0x08002b68   0x08002b68   0x000000b8   Code   RO         1724    i.SPI_WaitFlagStateUntilTimeout  stm32f1xx_hal_spi.o
    0x08002c20   0x08002c20   0x0000002c   Code   RO         4701    i.SysTick_Handler   port.o
    0x08002c4c   0x08002c4c   0x0000005e   Code   RO           15    i.SystemClock_Config  main.o
    0x08002caa   0x08002caa   0x00000002   Code   RO         3329    i.SystemInit        system_stm32f1xx.o
    0x08002cac   0x08002cac   0x0000000c   Code   RO          503    i.TIM1_UP_IRQHandler  stm32f1xx_it.o
    0x08002cb8   0x08002cb8   0x0000000c   Code   RO          504    i.TIM2_IRQHandler   stm32f1xx_it.o
    0x08002cc4   0x08002cc4   0x00000078   Code   RO         2087    i.TIM_Base_SetConfig  stm32f1xx_hal_tim.o
    0x08002d3c   0x08002d3c   0x0000001a   Code   RO         2088    i.TIM_CCxChannelCmd  stm32f1xx_hal_tim.o
    0x08002d56   0x08002d56   0x0000005e   Code   RO         2091    i.TIM_DMADelayPulseCplt  stm32f1xx_hal_tim.o
    0x08002db4   0x08002db4   0x00000038   Code   RO         2092    i.TIM_DMADelayPulseHalfCplt  stm32f1xx_hal_tim.o
    0x08002dec   0x08002dec   0x00000054   Code   RO         2093    i.TIM_DMAError      stm32f1xx_hal_tim.o
    0x08002e40   0x08002e40   0x00000014   Code   RO         2098    i.TIM_ETR_SetConfig  stm32f1xx_hal_tim.o
    0x08002e54   0x08002e54   0x00000010   Code   RO         2099    i.TIM_ITRx_SetConfig  stm32f1xx_hal_tim.o
    0x08002e64   0x08002e64   0x00000050   Code   RO         2100    i.TIM_OC1_SetConfig  stm32f1xx_hal_tim.o
    0x08002eb4   0x08002eb4   0x00000058   Code   RO         2101    i.TIM_OC2_SetConfig  stm32f1xx_hal_tim.o
    0x08002f0c   0x08002f0c   0x00000058   Code   RO         2102    i.TIM_OC3_SetConfig  stm32f1xx_hal_tim.o
    0x08002f64   0x08002f64   0x00000044   Code   RO         2103    i.TIM_OC4_SetConfig  stm32f1xx_hal_tim.o
    0x08002fa8   0x08002fa8   0x00000022   Code   RO         2105    i.TIM_TI1_ConfigInputStage  stm32f1xx_hal_tim.o
    0x08002fca   0x08002fca   0x00000002   PAD
    0x08002fcc   0x08002fcc   0x00000058   Code   RO         2106    i.TIM_TI1_SetConfig  stm32f1xx_hal_tim.o
    0x08003024   0x08003024   0x00000024   Code   RO         2107    i.TIM_TI2_ConfigInputStage  stm32f1xx_hal_tim.o
    0x08003048   0x08003048   0x00000036   Code   RO         2108    i.TIM_TI2_SetConfig  stm32f1xx_hal_tim.o
    0x0800307e   0x0800307e   0x00000010   Code   RO         3008    i.UART_DMAAbortOnError  stm32f1xx_hal_uart.o
    0x0800308e   0x0800308e   0x0000004a   Code   RO         3009    i.UART_DMAError     stm32f1xx_hal_uart.o
    0x080030d8   0x080030d8   0x00000086   Code   RO         3010    i.UART_DMAReceiveCplt  stm32f1xx_hal_uart.o
    0x0800315e   0x0800315e   0x0000001e   Code   RO         3012    i.UART_DMARxHalfCplt  stm32f1xx_hal_uart.o
    0x0800317c   0x0800317c   0x0000004e   Code   RO         3018    i.UART_EndRxTransfer  stm32f1xx_hal_uart.o
    0x080031ca   0x080031ca   0x0000001c   Code   RO         3019    i.UART_EndTxTransfer  stm32f1xx_hal_uart.o
    0x080031e6   0x080031e6   0x000000c2   Code   RO         3020    i.UART_Receive_IT   stm32f1xx_hal_uart.o
    0x080032a8   0x080032a8   0x000000b8   Code   RO         3021    i.UART_SetConfig    stm32f1xx_hal_uart.o
    0x08003360   0x08003360   0x00000090   Code   RO         3022    i.UART_Start_Receive_DMA  stm32f1xx_hal_uart.o
    0x080033f0   0x080033f0   0x0000000c   Code   RO          505    i.USART3_IRQHandler  stm32f1xx_it.o
    0x080033fc   0x080033fc   0x00000002   Code   RO          506    i.UsageFault_Handler  stm32f1xx_it.o
    0x080033fe   0x080033fe   0x00000026   Code   RO         5579    i.__ARM_fpclassifyf  m_ws.l(fpclassifyf.o)
    0x08003424   0x08003424   0x00000020   Code   RO         1183    i.__NVIC_SetPriority  stm32f1xx_hal_cortex.o
    0x08003444   0x08003444   0x00000006   Code   RO         5582    i.__mathlib_flt_infnan  m_ws.l(funder.o)
    0x0800344a   0x0800344a   0x00000008   Code   RO         5584    i.__mathlib_flt_invalid  m_ws.l(funder.o)
    0x08003452   0x08003452   0x0000000a   Code   RO         5587    i.__mathlib_flt_underflow  m_ws.l(funder.o)
    0x0800345c   0x0800345c   0x00000168   Code   RO         5595    i.__mathlib_rredf2  m_ws.l(rredf.o)
    0x080035c4   0x080035c4   0x00000020   Code   RO         4863    i.bluetooth_start   bluetooth.o
    0x080035e4   0x080035e4   0x0000017c   Code   RO         5531    i.cosf              m_ws.l(cosf.o)
    0x08003760   0x08003760   0x00000018   Code   RO         4796    i.delay_us          hc-sr04.o
    0x08003778   0x08003778   0x00000028   Code   RO         4797    i.dis_measure_init  hc-sr04.o
    0x080037a0   0x080037a0   0x00000034   Code   RO         4798    i.get_distance      hc-sr04.o
    0x080037d4   0x080037d4   0x00000058   Code   RO         4799    i.hcsr04_read_forward  hc-sr04.o
    0x0800382c   0x0800382c   0x00000058   Code   RO         4800    i.hcsr04_read_left  hc-sr04.o
    0x08003884   0x08003884   0x00000058   Code   RO         4801    i.hcsr04_read_right  hc-sr04.o
    0x080038dc   0x080038dc   0x0000002a   Code   RO           16    i.main              main.o
    0x08003906   0x08003906   0x0000000c   Code   RO         4245    i.makeFreeRtosPriority  cmsis_os.o
    0x08003912   0x08003912   0x00000002   Code   RO         5347    i.mode_judge        control.o
    0x08003914   0x08003914   0x00000002   Code   RO         5348    i.move_control      control.o
    0x08003916   0x08003916   0x00000002   PAD
    0x08003918   0x08003918   0x0000005c   Code   RO         5251    i.move_init         move.o
    0x08003974   0x08003974   0x00000012   Code   RO         5252    i.move_on           move.o
    0x08003986   0x08003986   0x0000000e   Code   RO         4247    i.osDelay           cmsis_os.o
    0x08003994   0x08003994   0x0000000a   Code   RO         4250    i.osKernelStart     cmsis_os.o
    0x0800399e   0x0800399e   0x00000054   Code   RO         4284    i.osThreadCreate    cmsis_os.o
    0x080039f2   0x080039f2   0x00000002   PAD
    0x080039f4   0x080039f4   0x00000070   Code   RO         3900    i.prvAddCurrentTaskToDelayedList  tasks.o
    0x08003a64   0x08003a64   0x000000d0   Code   RO         3901    i.prvAddNewTaskToReadyList  tasks.o
    0x08003b34   0x08003b34   0x00000034   Code   RO         3902    i.prvDeleteTCB      tasks.o
    0x08003b68   0x08003b68   0x0000004c   Code   RO         4615    i.prvHeapInit       heap_4.o
    0x08003bb4   0x08003bb4   0x00000060   Code   RO         3903    i.prvIdleTask       tasks.o
    0x08003c14   0x08003c14   0x00000098   Code   RO         3904    i.prvInitialiseNewTask  tasks.o
    0x08003cac   0x08003cac   0x0000004c   Code   RO         4616    i.prvInsertBlockIntoFreeList  heap_4.o
    0x08003cf8   0x08003cf8   0x00000020   Code   RO         3905    i.prvResetNextTaskUnblockTime  tasks.o
    0x08003d18   0x08003d18   0x00000028   Code   RO         4702    i.prvTaskExitError  port.o
    0x08003d40   0x08003d40   0x000000dc   Code   RO         4617    i.pvPortMalloc      heap_4.o
    0x08003e1c   0x08003e1c   0x00000024   Code   RO         4703    i.pxPortInitialiseStack  port.o
    0x08003e40   0x08003e40   0x00000188   Code   RO         5539    i.sinf              m_ws.l(sinf.o)
    0x08003fc8   0x08003fc8   0x00000074   Code   RO         5253    i.speedchange       move.o
    0x0800403c   0x0800403c   0x00000020   Code   RO         5254    i.speedset          move.o
    0x0800405c   0x0800405c   0x0000000c   Code   RO         4910    i.ssd1306_DegToRad  ssd1306.o
    0x08004068   0x08004068   0x000000f2   Code   RO         4911    i.ssd1306_DrawArc   ssd1306.o
    0x0800415a   0x0800415a   0x0000016c   Code   RO         4912    i.ssd1306_DrawArcWithRadiusLine  ssd1306.o
    0x080042c6   0x080042c6   0x0000006e   Code   RO         4913    i.ssd1306_DrawBitmap  ssd1306.o
    0x08004334   0x08004334   0x00000090   Code   RO         4914    i.ssd1306_DrawCircle  ssd1306.o
    0x080043c4   0x080043c4   0x00000030   Code   RO         4915    i.ssd1306_DrawPixel  ssd1306.o
    0x080043f4   0x080043f4   0x00000044   Code   RO         4916    i.ssd1306_DrawRectangle  ssd1306.o
    0x08004438   0x08004438   0x00000018   Code   RO         4917    i.ssd1306_Fill      ssd1306.o
    0x08004450   0x08004450   0x0000008e   Code   RO         4919    i.ssd1306_FillCircle  ssd1306.o
    0x080044de   0x080044de   0x00000056   Code   RO         4920    i.ssd1306_FillRectangle  ssd1306.o
    0x08004534   0x08004534   0x000000cc   Code   RO         4922    i.ssd1306_Init      ssd1306.o
    0x08004600   0x08004600   0x00000098   Code   RO         4923    i.ssd1306_InvertRectangle  ssd1306.o
    0x08004698   0x08004698   0x0000007e   Code   RO         4924    i.ssd1306_Line      ssd1306.o
    0x08004716   0x08004716   0x00000018   Code   RO         4925    i.ssd1306_NormalizeTo0_360  ssd1306.o
    0x0800472e   0x0800472e   0x00000002   PAD
    0x08004730   0x08004730   0x00000032   Code   RO         4926    i.ssd1306_Polyline  ssd1306.o
    0x08004762   0x08004762   0x00000002   PAD
    0x08004764   0x08004764   0x00000038   Code   RO         4927    i.ssd1306_Reset     ssd1306.o
    0x0800479c   0x0800479c   0x00000014   Code   RO         4928    i.ssd1306_SetContrast  ssd1306.o
    0x080047b0   0x080047b0   0x0000000c   Code   RO         4929    i.ssd1306_SetCursor  ssd1306.o
    0x080047bc   0x080047bc   0x00000018   Code   RO         4930    i.ssd1306_SetDisplayOn  ssd1306.o
    0x080047d4   0x080047d4   0x000000a8   Code   RO         5136    i.ssd1306_TestAll   ssd1306_tests.o
    0x0800487c   0x0800487c   0x00000030   Code   RO         5137    i.ssd1306_TestArc   ssd1306_tests.o
    0x080048ac   0x080048ac   0x00000062   Code   RO         5138    i.ssd1306_TestBorder  ssd1306_tests.o
    0x0800490e   0x0800490e   0x00000002   PAD
    0x08004910   0x08004910   0x00000048   Code   RO         5139    i.ssd1306_TestCircle  ssd1306_tests.o
    0x08004958   0x08004958   0x00000074   Code   RO         5140    i.ssd1306_TestDrawBitmap  ssd1306_tests.o
    0x080049cc   0x080049cc   0x00000128   Code   RO         5141    i.ssd1306_TestFPS   ssd1306_tests.o
    0x08004af4   0x08004af4   0x000000ac   Code   RO         5142    i.ssd1306_TestFonts1  ssd1306_tests.o
    0x08004ba0   0x08004ba0   0x00000068   Code   RO         5143    i.ssd1306_TestFonts2  ssd1306_tests.o
    0x08004c08   0x08004c08   0x00000084   Code   RO         5144    i.ssd1306_TestFonts3  ssd1306_tests.o
    0x08004c8c   0x08004c8c   0x00000028   Code   RO         5145    i.ssd1306_TestLine  ssd1306_tests.o
    0x08004cb4   0x08004cb4   0x00000020   Code   RO         5146    i.ssd1306_TestPolyline  ssd1306_tests.o
    0x08004cd4   0x08004cd4   0x00000034   Code   RO         5147    i.ssd1306_TestRectangle  ssd1306_tests.o
    0x08004d08   0x08004d08   0x00000046   Code   RO         5148    i.ssd1306_TestRectangleFill  ssd1306_tests.o
    0x08004d4e   0x08004d4e   0x00000002   PAD
    0x08004d50   0x08004d50   0x000000b8   Code   RO         5149    i.ssd1306_TestRectangleInvert  ssd1306_tests.o
    0x08004e08   0x08004e08   0x00000038   Code   RO         4931    i.ssd1306_UpdateScreen  ssd1306.o
    0x08004e40   0x08004e40   0x000000ac   Code   RO         4932    i.ssd1306_WriteChar  ssd1306.o
    0x08004eec   0x08004eec   0x00000040   Code   RO         4933    i.ssd1306_WriteCommand  ssd1306.o
    0x08004f2c   0x08004f2c   0x00000048   Code   RO         4934    i.ssd1306_WriteData  ssd1306.o
    0x08004f74   0x08004f74   0x00000034   Code   RO         4935    i.ssd1306_WriteString  ssd1306.o
    0x08004fa8   0x08004fa8   0x00000014   Code   RO         5255    i.turn_left         move.o
    0x08004fbc   0x08004fbc   0x00000012   Code   RO         5256    i.turn_left_fast    move.o
    0x08004fce   0x08004fce   0x00000010   Code   RO         5257    i.turn_right        move.o
    0x08004fde   0x08004fde   0x00000012   Code   RO         5258    i.turn_right_fast   move.o
    0x08004ff0   0x08004ff0   0x00000026   Code   RO         3497    i.uxListRemove      list.o
    0x08005016   0x08005016   0x00000002   PAD
    0x08005018   0x08005018   0x00000014   Code   RO          264    i.vApplicationGetIdleTaskMemory  freertos.o
    0x0800502c   0x0800502c   0x00000016   Code   RO         3498    i.vListInitialise   list.o
    0x08005042   0x08005042   0x00000006   Code   RO         3499    i.vListInitialiseItem  list.o
    0x08005048   0x08005048   0x00000030   Code   RO         3500    i.vListInsert       list.o
    0x08005078   0x08005078   0x00000018   Code   RO         3501    i.vListInsertEnd    list.o
    0x08005090   0x08005090   0x00000040   Code   RO         4705    i.vPortEnterCritical  port.o
    0x080050d0   0x080050d0   0x00000028   Code   RO         4706    i.vPortExitCritical  port.o
    0x080050f8   0x080050f8   0x00000064   Code   RO         4618    i.vPortFree         heap_4.o
    0x0800515c   0x0800515c   0x00000024   Code   RO         4707    i.vPortSetupTimerInterrupt  port.o
    0x08005180   0x08005180   0x0000004c   Code   RO         3914    i.vTaskDelay        tasks.o
    0x080051cc   0x080051cc   0x0000006c   Code   RO         3927    i.vTaskStartScheduler  tasks.o
    0x08005238   0x08005238   0x000000bc   Code   RO         3928    i.vTaskSuspend      tasks.o
    0x080052f4   0x080052f4   0x00000010   Code   RO         3929    i.vTaskSuspendAll   tasks.o
    0x08005304   0x08005304   0x0000005c   Code   RO         3930    i.vTaskSwitchContext  tasks.o
    0x08005360   0x08005360   0x00000044   Code   RO         5259    i.wheel_left_run    move.o
    0x080053a4   0x080053a4   0x00000020   Code   RO         5260    i.wheel_left_stop   move.o
    0x080053c4   0x080053c4   0x0000004c   Code   RO         5261    i.wheel_right_run   move.o
    0x08005410   0x08005410   0x00000024   Code   RO         5262    i.wheel_right_stop  move.o
    0x08005434   0x08005434   0x000000a8   Code   RO         4709    i.xPortStartScheduler  port.o
    0x080054dc   0x080054dc   0x0000005a   Code   RO         3933    i.xTaskCreate       tasks.o
    0x08005536   0x08005536   0x00000056   Code   RO         3934    i.xTaskCreateStatic  tasks.o
    0x0800558c   0x0800558c   0x000000cc   Code   RO         3941    i.xTaskIncrementTick  tasks.o
    0x08005658   0x08005658   0x000000c4   Code   RO         3947    i.xTaskResumeAll    tasks.o
    0x0800571c   0x0800571c   0x00000062   Code   RO         5494    x$fpl$d2f           fz_ws.l(d2f.o)
    0x0800577e   0x0800577e   0x00000002   PAD
    0x08005780   0x08005780   0x000002b0   Code   RO         5497    x$fpl$ddiv          fz_ws.l(ddiv.o)
    0x08005a30   0x08005a30   0x0000005e   Code   RO         5500    x$fpl$dfix          fz_ws.l(dfix.o)
    0x08005a8e   0x08005a8e   0x00000026   Code   RO         5504    x$fpl$dfltu         fz_ws.l(dflt_clz.o)
    0x08005ab4   0x08005ab4   0x00000154   Code   RO         5510    x$fpl$dmul          fz_ws.l(dmul.o)
    0x08005c08   0x08005c08   0x0000009c   Code   RO         5562    x$fpl$dnaninf       fz_ws.l(dnaninf.o)
    0x08005ca4   0x08005ca4   0x0000000c   Code   RO         5564    x$fpl$dretinf       fz_ws.l(dretinf.o)
    0x08005cb0   0x08005cb0   0x00000056   Code   RO         5512    x$fpl$f2d           fz_ws.l(f2d.o)
    0x08005d06   0x08005d06   0x00000002   PAD
    0x08005d08   0x08005d08   0x000000c4   Code   RO         5566    x$fpl$fadd          fz_ws.l(faddsub_clz.o)
    0x08005dcc   0x08005dcc   0x0000000c   Code   RO         5635    x$fpl$fcheck1       fz_ws.l(fcheck1.o)
    0x08005dd8   0x08005dd8   0x00000184   Code   RO         5515    x$fpl$fdiv          fz_ws.l(fdiv.o)
    0x08005f5c   0x08005f5c   0x00000036   Code   RO         5518    x$fpl$ffix          fz_ws.l(ffix.o)
    0x08005f92   0x08005f92   0x00000002   PAD
    0x08005f94   0x08005f94   0x00000030   Code   RO         5523    x$fpl$fflt          fz_ws.l(fflt_clz.o)
    0x08005fc4   0x08005fc4   0x00000026   Code   RO         5522    x$fpl$ffltu         fz_ws.l(fflt_clz.o)
    0x08005fea   0x08005fea   0x00000002   PAD
    0x08005fec   0x08005fec   0x00000102   Code   RO         5528    x$fpl$fmul          fz_ws.l(fmul.o)
    0x080060ee   0x080060ee   0x0000008c   Code   RO         5572    x$fpl$fnaninf       fz_ws.l(fnaninf.o)
    0x0800617a   0x0800617a   0x0000000a   Code   RO         5574    x$fpl$fretinf       fz_ws.l(fretinf.o)
    0x08006184   0x08006184   0x00000060   Code   RO         5576    x$fpl$frnd          fz_ws.l(frnd.o)
    0x080061e4   0x080061e4   0x00000014   Code   RO         5567    x$fpl$frsb          fz_ws.l(faddsub_clz.o)
    0x080061f8   0x080061f8   0x000000ea   Code   RO         5568    x$fpl$fsub          fz_ws.l(faddsub_clz.o)
    0x080062e2   0x080062e2   0x00000064   Code   RO         5684    x$fpl$retnan        fz_ws.l(retnan.o)
    0x08006346   0x08006346   0x0000004c   Code   RO         5620    x$fpl$scalbnf       fz_ws.l(scalbnf.o)
    0x08006392   0x08006392   0x00000030   Code   RO         5697    x$fpl$trapveneer    fz_ws.l(trapv.o)
    0x080063c2   0x080063c2   0x00000000   Code   RO         5578    x$fpl$usenofp       fz_ws.l(usenofp.o)
    0x080063c2   0x080063c2   0x00000002   PAD
    0x080063c4   0x080063c4   0x0000008c   Data   RO          266    .constdata          freertos.o
    0x08006450   0x08006450   0x00000012   Data   RO          881    .constdata          stm32f1xx_hal_rcc.o
    0x08006462   0x08006462   0x00000010   Data   RO         3330    .constdata          system_stm32f1xx.o
    0x08006472   0x08006472   0x00000008   Data   RO         3331    .constdata          system_stm32f1xx.o
    0x0800647a   0x0800647a   0x0000076c   Data   RO         5100    .constdata          ssd1306_fonts.o
    0x08006be6   0x08006be6   0x00000d5c   Data   RO         5101    .constdata          ssd1306_fonts.o
    0x08007942   0x08007942   0x0000134c   Data   RO         5102    .constdata          ssd1306_fonts.o
    0x08008c8e   0x08008c8e   0x000005f0   Data   RO         5103    .constdata          ssd1306_fonts.o
    0x0800927e   0x0800927e   0x000011d0   Data   RO         5104    .constdata          ssd1306_fonts.o
    0x0800a44e   0x0800a44e   0x00000b22   Data   RO         5105    .constdata          ssd1306_fonts.o
    0x0800af70   0x0800af70   0x0000005f   Data   RO         5106    .constdata          ssd1306_fonts.o
    0x0800afcf   0x0800afcf   0x00000001   PAD
    0x0800afd0   0x0800afd0   0x0000000c   Data   RO         5107    .constdata          ssd1306_fonts.o
    0x0800afdc   0x0800afdc   0x0000000c   Data   RO         5108    .constdata          ssd1306_fonts.o
    0x0800afe8   0x0800afe8   0x0000000c   Data   RO         5109    .constdata          ssd1306_fonts.o
    0x0800aff4   0x0800aff4   0x0000000c   Data   RO         5110    .constdata          ssd1306_fonts.o
    0x0800b000   0x0800b000   0x0000000c   Data   RO         5111    .constdata          ssd1306_fonts.o
    0x0800b00c   0x0800b00c   0x0000000c   Data   RO         5112    .constdata          ssd1306_fonts.o
    0x0800b018   0x0800b018   0x0000060e   Data   RO         5150    .constdata          ssd1306_tests.o
    0x0800b626   0x0800b626   0x00000002   PAD
    0x0800b628   0x0800b628   0x00000020   Data   RO         5596    .constdata          m_ws.l(rredf.o)
    0x0800b648   0x0800b648   0x00000034   Data   RO          267    .conststring        freertos.o
    0x0800b67c   0x0800b67c   0x00000020   Data   RO         5765    Region$$Table       anon$$obj.o


    Execution Region RW_IRAM1 (Exec base: 0x20000000, Load base: 0x0800b69c, Size: 0x00003b20, Max: 0x00005000, ABSOLUTE)

    Exec Addr    Load Addr    Size         Type   Attr      Idx    E Section Name        Object

    0x20000000   0x0800b69c   0x00000014   Data   RW          268    .data               freertos.o
    0x20000014   0x0800b6b0   0x0000000c   Data   RW          718    .data               stm32f1xx_hal.o
    0x20000020   0x0800b6bc   0x00000004   Data   RW         3332    .data               system_stm32f1xx.o
    0x20000024   0x0800b6c0   0x0000003c   Data   RW         3950    .data               tasks.o
    0x20000060   0x0800b6fc   0x00000020   Data   RW         4624    .data               heap_4.o
    0x20000080   0x0800b71c   0x0000000c   Data   RW         4710    .data               port.o
    0x2000008c   0x0800b728   0x00000003   Data   RW         4803    .data               hc-sr04.o
    0x2000008f   0x0800b72b   0x00000002   Data   RW         4864    .data               bluetooth.o
    0x20000091   0x0800b72d   0x00000001   PAD
    0x20000092   0x0800b72e   0x00000006   Data   RW         4937    .data               ssd1306.o
    0x20000098   0x0800b734   0x00000003   Data   RW         5264    .data               move.o
    0x2000009b   0x0800b737   0x00000001   Data   RW         5349    .data               control.o
    0x2000009c   0x0800b738   0x00000001   Data   RW         5394    .data               task.o
    0x2000009d   0x0800b739   0x00000003   PAD
    0x200000a0        -       0x00000254   Zero   RW          265    .bss                freertos.o
    0x200002f4        -       0x00000058   Zero   RW          362    .bss                spi.o
    0x2000034c        -       0x00000118   Zero   RW          403    .bss                tim.o
    0x20000464        -       0x000000d0   Zero   RW          455    .bss                usart.o
    0x20000534        -       0x00000048   Zero   RW          621    .bss                stm32f1xx_hal_timebase_tim.o
    0x2000057c        -       0x000000f0   Zero   RW         3949    .bss                tasks.o
    0x2000066c        -       0x00001800   Zero   RW         4623    .bss                heap_4.o
    0x20001e6c        -       0x0000003c   Zero   RW         4802    .bss                hc-sr04.o
    0x20001ea8        -       0x00000400   Zero   RW         4936    .bss                ssd1306.o
    0x200022a8        -       0x00000014   Zero   RW         5263    .bss                move.o
    0x200022bc        -       0x00000060   Zero   RW         5623    .bss                c_w.l(libspace.o)
    0x2000231c   0x0800b739   0x00000004   PAD
    0x20002320        -       0x00000800   Zero   RW            2    HEAP                startup_stm32f103xb.o
    0x20002b20        -       0x00001000   Zero   RW            1    STACK               startup_stm32f103xb.o


==============================================================================

Image component sizes


      Code (inc. data)   RO Data    RW Data    ZI Data      Debug   Object Name

       176         30          0          2          0       1677   bluetooth.o
       120          0          0          0          0      23025   cmsis_os.o
         4          0          0          1          0       1013   control.o
        92          4          0          0          0        710   dma.o
         0          0          0          0          0      16884   event_groups.o
       148         14        192         20        596       6640   freertos.o
       252         18          0          0          0        927   gpio.o
       876         78          0          3         60       4261   hc-sr04.o
       472         24          0         32       6144       7079   heap_4.o
       138          0          0          0          0       3170   list.o
       160          6          0          0          0     461640   main.o
       542         50          0          3         20       6288   move.o
       578         60          0         12          0       9868   port.o
       168         24          0          0         88       1493   spi.o
      2324         72          0          6       1024      18364   ssd1306.o
         0          0      19357          0          0        889   ssd1306_fonts.o
      1584        240       1550          0          0       8062   ssd1306_tests.o
        64         26        236          0       6144        776   startup_stm32f103xb.o
       100         18          0         12          0       4990   stm32f1xx_hal.o
       158         14          0          0          0      27998   stm32f1xx_hal_cortex.o
       808         36          0          0          0       4734   stm32f1xx_hal_dma.o
       516         34          0          0          0       3952   stm32f1xx_hal_gpio.o
        72         10          0          0          0        798   stm32f1xx_hal_msp.o
      1304         94         18          0          0       5485   stm32f1xx_hal_rcc.o
       772          4          0          0          0       4162   stm32f1xx_hal_spi.o
      3098        108          0          0          0      24085   stm32f1xx_hal_tim.o
       108         12          0          0          0       2257   stm32f1xx_hal_tim_ex.o
       140         22          0          0         72       1315   stm32f1xx_hal_timebase_tim.o
      1638         24          0          0          0      11360   stm32f1xx_hal_uart.o
        96         42          0          0          0       5208   stm32f1xx_it.o
         0          0          0          0          0        384   stream_buffer.o
         2          0         24          4          0       1011   system_stm32f1xx.o
       176         30          0          1          0       2287   task.o
      1708        126          0         60        240      19325   tasks.o
       656         50          0          0        280       3217   tim.o
       284         30          0          0        208       1736   usart.o

    ----------------------------------------------------------------------
     19372       1300      21412        160      14876     697070   Object Totals
         0          0         32          0          0          0   (incl. Generated)
        38          0          3          4          0          0   (incl. Padding)

    ----------------------------------------------------------------------

      Code (inc. data)   RO Data    RW Data    ZI Data      Debug   Library Member Name

         8          0          0          0          0         68   __main.o
       104          0          0          0          0         84   __printf.o
         0          0          0          0          0          0   __rtentry.o
        12          0          0          0          0          0   __rtentry2.o
         6          0          0          0          0          0   __rtentry4.o
        52          8          0          0          0          0   __scatter.o
        26          0          0          0          0          0   __scatter_copy.o
        28          0          0          0          0          0   __scatter_zi.o
        48          6          0          0          0         96   _printf_char_common.o
         6          0          0          0          0          0   _printf_d.o
       120         16          0          0          0         92   _printf_dec.o
       178          0          0          0          0         88   _printf_intcommon.o
         0          0          0          0          0          0   _printf_percent.o
         4          0          0          0          0          0   _printf_percent_end.o
        22          0          0          0          0        100   _rserrno.o
        16          0          0          0          0         68   _snputc.o
        10          0          0          0          0         68   _sputc.o
        16          0          0          0          0         68   aeabi_memset.o
        18          0          0          0          0         80   exit.o
         6          0          0          0          0        152   heapauxi.o
         0          0          0          0          0          0   indicate_semi.o
         2          0          0          0          0          0   libinit.o
         2          0          0          0          0          0   libinit2.o
         2          0          0          0          0          0   libshutdown.o
         2          0          0          0          0          0   libshutdown2.o
         8          4          0          0         96         68   libspace.o
        52          4          0          0          0         84   noretval__2snprintf.o
         8          4          0          0          0         68   rt_errno_addr_intlibspace.o
        68          0          0          0          0         68   rt_memclr.o
        78          0          0          0          0         80   rt_memclr_w.o
       138          0          0          0          0         68   rt_memcpy_v6.o
       100          0          0          0          0         80   rt_memcpy_w.o
       132          0          0          0          0         68   rt_memmove_v6.o
       122          0          0          0          0         80   rt_memmove_w.o
         2          0          0          0          0          0   rtexit.o
        10          0          0          0          0          0   rtexit2.o
        12          4          0          0          0         68   sys_exit.o
        74          0          0          0          0         80   sys_stackheap_outer.o
         2          0          0          0          0         68   use_no_semi.o
        98          4          0          0          0         92   d2f.o
       688        140          0          0          0        208   ddiv.o
        94          4          0          0          0         92   dfix.o
        38          0          0          0          0         68   dflt_clz.o
       340         12          0          0          0        104   dmul.o
       156          4          0          0          0         92   dnaninf.o
        12          0          0          0          0         68   dretinf.o
        86          4          0          0          0         84   f2d.o
       450          8          0          0          0        236   faddsub_clz.o
        12          4          0          0          0         68   fcheck1.o
       388         76          0          0          0         96   fdiv.o
        54          4          0          0          0         84   ffix.o
        86          0          0          0          0        136   fflt_clz.o
       258          4          0          0          0         84   fmul.o
       140          4          0          0          0         84   fnaninf.o
        10          0          0          0          0         68   fretinf.o
        96          4          0          0          0         76   frnd.o
       100          0          0          0          0         68   retnan.o
        76          0          0          0          0         68   scalbnf.o
        48          0          0          0          0         68   trapv.o
         0          0          0          0          0          0   usenofp.o
       380         52          0          0          0        124   cosf.o
        38          0          0          0          0         68   fpclassifyf.o
        24          0          0          0          0        204   funder.o
       360         16         32          0          0         88   rredf.o
       392         54          0          0          0        124   sinf.o

    ----------------------------------------------------------------------
      5932        440         32          0        100       4396   Library Totals
        14          0          0          0          4          0   (incl. Padding)

    ----------------------------------------------------------------------

      Code (inc. data)   RO Data    RW Data    ZI Data      Debug   Library Name

      1494         46          0          0         96       1844   c_w.l
      3230        272          0          0          0       1944   fz_ws.l
      1194        122         32          0          0        608   m_ws.l

    ----------------------------------------------------------------------
      5932        440         32          0        100       4396   Library Totals

    ----------------------------------------------------------------------

==============================================================================


      Code (inc. data)   RO Data    RW Data    ZI Data      Debug   

     25304       1740      21444        160      14976     687994   Grand Totals
     25304       1740      21444        160      14976     687994   ELF Image Totals
     25304       1740      21444        160          0          0   ROM Totals

==============================================================================

    Total RO  Size (Code + RO Data)                46748 (  45.65kB)
    Total RW  Size (RW Data + ZI Data)             15136 (  14.78kB)
    Total ROM Size (Code + RO Data + RW Data)      46908 (  45.81kB)

==============================================================================

